Archive member included because of file (symbol)

C:\Users\Alexandre\AppData\Local\arduino15\packages\arduino\hardware\sam\1.6.7\variants\arduino_due_x/libsam_sam3x8e_gcc_rel.a(pio.o)
                              C:\Users\Alexandre\AppData\Local\Temp\VMicroBuilds\FinalRobotAMC\arduino_due_x_dbg\Wire\Wire.cpp.o (PIO_Configure)
C:\Users\Alexandre\AppData\Local\arduino15\packages\arduino\hardware\sam\1.6.7\variants\arduino_due_x/libsam_sam3x8e_gcc_rel.a(pmc.o)
                              C:\Users\Alexandre\AppData\Local\Temp\VMicroBuilds\FinalRobotAMC\arduino_due_x_dbg\Wire\Wire.cpp.o (pmc_enable_periph_clk)
C:\Users\Alexandre\AppData\Local\arduino15\packages\arduino\hardware\sam\1.6.7\variants\arduino_due_x/libsam_sam3x8e_gcc_rel.a(tc.o)
                              C:\Users\Alexandre\AppData\Local\Temp\VMicroBuilds\FinalRobotAMC\arduino_due_x_dbg\DueTimer\DueTimer.cpp.o (TC_Configure)
C:\Users\Alexandre\AppData\Local\arduino15\packages\arduino\hardware\sam\1.6.7\variants\arduino_due_x/libsam_sam3x8e_gcc_rel.a(twi.o)
                              C:\Users\Alexandre\AppData\Local\Temp\VMicroBuilds\FinalRobotAMC\arduino_due_x_dbg\Wire\Wire.cpp.o (TWI_SetClock)
C:\Users\Alexandre\AppData\Local\arduino15\packages\arduino\hardware\sam\1.6.7\variants\arduino_due_x/libsam_sam3x8e_gcc_rel.a(startup_sam3xa.o)
                              (Reset_Handler)
C:\Users\Alexandre\AppData\Local\arduino15\packages\arduino\hardware\sam\1.6.7\variants\arduino_due_x/libsam_sam3x8e_gcc_rel.a(uotghs.o)
                              C:\Users\Alexandre\AppData\Local\arduino15\packages\arduino\hardware\sam\1.6.7\variants\arduino_due_x/libsam_sam3x8e_gcc_rel.a(startup_sam3xa.o) (UOTGHS_Handler)
C:\Users\Alexandre\AppData\Local\Temp\VMicroBuilds\FinalRobotAMC\arduino_due_x_dbg/core.a(cortex_handlers.c.o)
                              C:\Users\Alexandre\AppData\Local\arduino15\packages\arduino\hardware\sam\1.6.7\variants\arduino_due_x/libsam_sam3x8e_gcc_rel.a(startup_sam3xa.o) (NMI_Handler)
C:\Users\Alexandre\AppData\Local\Temp\VMicroBuilds\FinalRobotAMC\arduino_due_x_dbg/core.a(hooks.c.o)
                              C:\Users\Alexandre\AppData\Local\Temp\VMicroBuilds\FinalRobotAMC\arduino_due_x_dbg/core.a(cortex_handlers.c.o) (sysTickHook)
C:\Users\Alexandre\AppData\Local\Temp\VMicroBuilds\FinalRobotAMC\arduino_due_x_dbg/core.a(wiring.c.o)
                              C:\Users\Alexandre\AppData\Local\Temp\VMicroBuilds\FinalRobotAMC\arduino_due_x_dbg\ArduinoThread\Thread.cpp.o (millis)
C:\Users\Alexandre\AppData\Local\Temp\VMicroBuilds\FinalRobotAMC\arduino_due_x_dbg/core.a(wiring_analog.c.o)
                              C:\Users\Alexandre\AppData\Local\Temp\VMicroBuilds\FinalRobotAMC\arduino_due_x_dbg\FinalRobotAMC.cpp.o (analogWrite)
C:\Users\Alexandre\AppData\Local\Temp\VMicroBuilds\FinalRobotAMC\arduino_due_x_dbg/core.a(wiring_digital.c.o)
                              C:\Users\Alexandre\AppData\Local\Temp\VMicroBuilds\FinalRobotAMC\arduino_due_x_dbg\MotorCC.cpp.o (pinMode)
C:\Users\Alexandre\AppData\Local\Temp\VMicroBuilds\FinalRobotAMC\arduino_due_x_dbg/core.a(abi.cpp.o)
                              C:\Users\Alexandre\AppData\Local\Temp\VMicroBuilds\FinalRobotAMC\arduino_due_x_dbg\Wire\Wire.cpp.o (__cxa_pure_virtual)
C:\Users\Alexandre\AppData\Local\Temp\VMicroBuilds\FinalRobotAMC\arduino_due_x_dbg/core.a(main.cpp.o)
                              c:/users/alexandre/appdata/local/arduino15/packages/arduino/tools/arm-none-eabi-gcc/4.8.3-2014q1/bin/../lib/gcc/arm-none-eabi/4.8.3/../../../../arm-none-eabi/lib/armv7-m/crt0.o (main)
C:\Users\Alexandre\AppData\Local\Temp\VMicroBuilds\FinalRobotAMC\arduino_due_x_dbg/core.a(Print.cpp.o)
                              C:\Users\Alexandre\AppData\Local\Temp\VMicroBuilds\FinalRobotAMC\arduino_due_x_dbg\Wire\Wire.cpp.o (Print::write(unsigned char const*, unsigned int))
C:\Users\Alexandre\AppData\Local\Temp\VMicroBuilds\FinalRobotAMC\arduino_due_x_dbg/core.a(Reset.cpp.o)
                              C:\Users\Alexandre\AppData\Local\Temp\VMicroBuilds\FinalRobotAMC\arduino_due_x_dbg/core.a(cortex_handlers.c.o) (tickReset)
C:\Users\Alexandre\AppData\Local\Temp\VMicroBuilds\FinalRobotAMC\arduino_due_x_dbg/core.a(UARTClass.cpp.o)
                              C:\Users\Alexandre\AppData\Local\Temp\VMicroBuilds\FinalRobotAMC\arduino_due_x_dbg\FinalRobotAMC.cpp.o (UARTClass::begin(unsigned long))
C:\Users\Alexandre\AppData\Local\Temp\VMicroBuilds\FinalRobotAMC\arduino_due_x_dbg/core.a(watchdog.cpp.o)
                              C:\Users\Alexandre\AppData\Local\Temp\VMicroBuilds\FinalRobotAMC\arduino_due_x_dbg/core.a(main.cpp.o) (watchdogSetup())
C:\Users\Alexandre\AppData\Local\Temp\VMicroBuilds\FinalRobotAMC\arduino_due_x_dbg/core.a(USBCore.cpp.o)
                              C:\Users\Alexandre\AppData\Local\Temp\VMicroBuilds\FinalRobotAMC\arduino_due_x_dbg/core.a(main.cpp.o) (USBDevice_::attach())
[...]
Memory Configuration

Name             Origin             Length             Attributes
rom              0x00080000         0x00080000         xr
sram0            0x20000000         0x00010000         xrw
sram1            0x20080000         0x00008000         xrw
ram              0x20070000         0x00018000         xrw
*default*        0x00000000         0xffffffff

Linker script and memory map

LOAD c:/users/alexandre/appdata/local/arduino15/packages/arduino/tools/arm-none-eabi-gcc/4.8.3-2014q1/bin/../lib/gcc/arm-none-eabi/4.8.3/armv7-m/crti.o
LOAD c:/users/alexandre/appdata/local/arduino15/packages/arduino/tools/arm-none-eabi-gcc/4.8.3-2014q1/bin/../lib/gcc/arm-none-eabi/4.8.3/armv7-m/crtbegin.o
LOAD c:/users/alexandre/appdata/local/arduino15/packages/arduino/tools/arm-none-eabi-gcc/4.8.3-2014q1/bin/../lib/gcc/arm-none-eabi/4.8.3/../../../../arm-none-eabi/lib/armv7-m/crt0.o
START GROUP
LOAD C:\Users\Alexandre\AppData\Local\Temp\VMicroBuilds\FinalRobotAMC\arduino_due_x_dbg/core/syscalls_sam3.c.o
LOAD C:\Users\Alexandre\AppData\Local\Temp\VMicroBuilds\FinalRobotAMC\arduino_due_x_dbg\FinalRobotAMC.cpp.o
LOAD C:\Users\Alexandre\AppData\Local\Temp\VMicroBuilds\FinalRobotAMC\arduino_due_x_dbg\Wire\Wire.cpp.o
LOAD C:\Users\Alexandre\AppData\Local\Temp\VMicroBuilds\FinalRobotAMC\arduino_due_x_dbg\ArduinoThread\Thread.cpp.o
LOAD C:\Users\Alexandre\AppData\Local\Temp\VMicroBuilds\FinalRobotAMC\arduino_due_x_dbg\ArduinoThread\ThreadController.cpp.o
LOAD C:\Users\Alexandre\AppData\Local\Temp\VMicroBuilds\FinalRobotAMC\arduino_due_x_dbg\DueTimer\DueTimer.cpp.o
LOAD C:\Users\Alexandre\AppData\Local\Temp\VMicroBuilds\FinalRobotAMC\arduino_due_x_dbg\ControleFuzzy.cpp.o
LOAD C:\Users\Alexandre\AppData\Local\Temp\VMicroBuilds\FinalRobotAMC\arduino_due_x_dbg\MotorCC.cpp.o
LOAD C:\Users\Alexandre\AppData\Local\Temp\VMicroBuilds\FinalRobotAMC\arduino_due_x_dbg\MPU6050spec.cpp.o
LOAD C:\Users\Alexandre\AppData\Local\Temp\VMicroBuilds\FinalRobotAMC\arduino_due_x_dbg\SensorLinha.cpp.o
LOAD C:\Users\Alexandre\AppData\Local\Temp\VMicroBuilds\FinalRobotAMC\arduino_due_x_dbg\eFLL\Fuzzy.cpp.o
LOAD C:\Users\Alexandre\AppData\Local\Temp\VMicroBuilds\FinalRobotAMC\arduino_due_x_dbg\eFLL\FuzzyComposition.cpp.o
LOAD C:\Users\Alexandre\AppData\Local\Temp\VMicroBuilds\FinalRobotAMC\arduino_due_x_dbg\eFLL\FuzzyInput.cpp.o
LOAD C:\Users\Alexandre\AppData\Local\Temp\VMicroBuilds\FinalRobotAMC\arduino_due_x_dbg\eFLL\FuzzyIO.cpp.o
LOAD C:\Users\Alexandre\AppData\Local\Temp\VMicroBuilds\FinalRobotAMC\arduino_due_x_dbg\eFLL\FuzzyOutput.cpp.o
LOAD C:\Users\Alexandre\AppData\Local\Temp\VMicroBuilds\FinalRobotAMC\arduino_due_x_dbg\eFLL\FuzzyRule.cpp.o
LOAD C:\Users\Alexandre\AppData\Local\Temp\VMicroBuilds\FinalRobotAMC\arduino_due_x_dbg\eFLL\FuzzyRuleAntecedent.cpp.o
LOAD C:\Users\Alexandre\AppData\Local\Temp\VMicroBuilds\FinalRobotAMC\arduino_due_x_dbg\eFLL\FuzzyRuleConsequent.cpp.o
LOAD C:\Users\Alexandre\AppData\Local\Temp\VMicroBuilds\FinalRobotAMC\arduino_due_x_dbg\eFLL\FuzzySet.cpp.o
LOAD C:\Users\Alexandre\AppData\Local\arduino15\packages\arduino\hardware\sam\1.6.7\variants\arduino_due_x/libsam_sam3x8e_gcc_rel.a
LOAD C:\Users\Alexandre\AppData\Local\Temp\VMicroBuilds\FinalRobotAMC\arduino_due_x_dbg/core.a
END GROUP
LOAD c:/users/alexandre/appdata/local/arduino15/packages/arduino/tools/arm-none-eabi-gcc/4.8.3-2014q1/bin/../lib/gcc/arm-none-eabi/4.8.3/../../../../arm-none-eabi/lib/armv7-m\libm.a
START GROUP
LOAD c:/users/alexandre/appdata/local/arduino15/packages/arduino/tools/arm-none-eabi-gcc/4.8.3-2014q1/bin/../lib/gcc/arm-none-eabi/4.8.3/armv7-m\libgcc.a
LOAD c:/users/alexandre/appdata/local/arduino15/packages/arduino/tools/arm-none-eabi-gcc/4.8.3-2014q1/bin/../lib/gcc/arm-none-eabi/4.8.3/../../../../arm-none-eabi/lib/armv7-m\libg.a
LOAD c:/users/alexandre/appdata/local/arduino15/packages/arduino/tools/arm-none-eabi-gcc/4.8.3-2014q1/bin/../lib/gcc/arm-none-eabi/4.8.3/../../../../arm-none-eabi/lib/armv7-m\libc.a
END GROUP
LOAD c:/users/alexandre/appdata/local/arduino15/packages/arduino/tools/arm-none-eabi-gcc/4.8.3-2014q1/bin/../lib/gcc/arm-none-eabi/4.8.3/armv7-m/crtend.o
LOAD c:/users/alexandre/appdata/local/arduino15/packages/arduino/tools/arm-none-eabi-gcc/4.8.3-2014q1/bin/../lib/gcc/arm-none-eabi/4.8.3/armv7-m/crtn.o

.text           0x00080000     0x9f50
                0x00080000                . = ALIGN (0x4)
                0x00080000                _sfixed = .
 *(.vectors .vectors.*)
 .vectors       0x00080000       0xf4 C:\Users\Alexandre\AppData\Local\arduino15\packages\arduino\hardware\sam\1.6.7\variants\arduino_due_x/libsam_sam3x8e_gcc_rel.a(startup_sam3xa.o)
                0x00080000                exception_table
 *(.text .text.* .gnu.linkonce.t.*)
 .text          0x000800f4       0x54 c:/users/alexandre/appdata/local/arduino15/packages/arduino/tools/arm-none-eabi-gcc/4.8.3-2014q1/bin/../lib/gcc/arm-none-eabi/4.8.3/armv7-m/crtbegin.o
 .text._sbrk    0x00080148       0x1c C:\Users\Alexandre\AppData\Local\Temp\VMicroBuilds\FinalRobotAMC\arduino_due_x_dbg/core/syscalls_sam3.c.o
                0x00080148                _sbrk
 .text._close   0x00080164        0x6 C:\Users\Alexandre\AppData\Local\Temp\VMicroBuilds\FinalRobotAMC\arduino_due_x_dbg/core/syscalls_sam3.c.o
                0x00080164                _close
 .text._fstat   0x0008016a        0xa C:\Users\Alexandre\AppData\Local\Temp\VMicroBuilds\FinalRobotAMC\arduino_due_x_dbg/core/syscalls_sam3.c.o
                0x0008016a                _fstat
 .text._isatty  0x00080174        0x4 C:\Users\Alexandre\AppData\Local\Temp\VMicroBuilds\FinalRobotAMC\arduino_due_x_dbg/core/syscalls_sam3.c.o
                0x00080174                _isatty
 .text._lseek   0x00080178        0x4 C:\Users\Alexandre\AppData\Local\Temp\VMicroBuilds\FinalRobotAMC\arduino_due_x_dbg/core/syscalls_sam3.c.o
                0x00080178                _lseek
 .text._read    0x0008017c        0x4 C:\Users\Alexandre\AppData\Local\Temp\VMicroBuilds\FinalRobotAMC\arduino_due_x_dbg/core/syscalls_sam3.c.o
                0x0008017c                _read
 .text._write   0x00080180       0x24 C:\Users\Alexandre\AppData\Local\Temp\VMicroBuilds\FinalRobotAMC\arduino_due_x_dbg/core/syscalls_sam3.c.o
                0x00080180                _write
 .text._exit    0x000801a4       0x10 C:\Users\Alexandre\AppData\Local\Temp\VMicroBuilds\FinalRobotAMC\arduino_due_x_dbg/core/syscalls_sam3.c.o
                0x000801a4                _exit
 .text._kill    0x000801b4        0x2 C:\Users\Alexandre\AppData\Local\Temp\VMicroBuilds\FinalRobotAMC\arduino_due_x_dbg/core/syscalls_sam3.c.o
                0x000801b4                _kill
 .text._getpid  0x000801b6        0x6 C:\Users\Alexandre\AppData\Local\Temp\VMicroBuilds\FinalRobotAMC\arduino_due_x_dbg/core/syscalls_sam3.c.o
                0x000801b6                _getpid
 .text._Z5leIMUv
                0x000801bc       0x34 C:\Users\Alexandre\AppData\Local\Temp\VMicroBuilds\FinalRobotAMC\arduino_due_x_dbg\FinalRobotAMC.cpp.o
                0x000801bc                leIMU()
 .text._Z7leLinhav
                0x000801f0       0x18 C:\Users\Alexandre\AppData\Local\Temp\VMicroBuilds\FinalRobotAMC\arduino_due_x_dbg\FinalRobotAMC.cpp.o
                0x000801f0                leLinha()
 .text._Z11fazControlev
                0x00080208       0x28 C:\Users\Alexandre\AppData\Local\Temp\VMicroBuilds\FinalRobotAMC\arduino_due_x_dbg\FinalRobotAMC.cpp.o
                0x00080208                fazControle()
 .text._Z9pwmAjustev
                0x00080230       0x24 C:\Users\Alexandre\AppData\Local\Temp\VMicroBuilds\FinalRobotAMC\arduino_due_x_dbg\FinalRobotAMC.cpp.o
                0x00080230                pwmAjuste()
 .text.startup._GLOBAL__sub_I_roboParado
                0x00080254       0x4c C:\Users\Alexandre\AppData\Local\Temp\VMicroBuilds\FinalRobotAMC\arduino_due_x_dbg\FinalRobotAMC.cpp.o
 .text.setup    0x000802a0       0xcc C:\Users\Alexandre\AppData\Local\Temp\VMicroBuilds\FinalRobotAMC\arduino_due_x_dbg\FinalRobotAMC.cpp.o
                0x000802a0                setup
 .text.loop     0x0008036c       0x20 C:\Users\Alexandre\AppData\Local\Temp\VMicroBuilds\FinalRobotAMC\arduino_due_x_dbg\FinalRobotAMC.cpp.o
                0x0008036c                loop
 .text._ZN7TwoWire5writeEPKhj
                0x0008038c       0x50 C:\Users\Alexandre\AppData\Local\Temp\VMicroBuilds\FinalRobotAMC\arduino_due_x_dbg\Wire\Wire.cpp.o
                0x0008038c                TwoWire::write(unsigned char const*, unsigned int)
 .text._ZN7TwoWire9availableEv
                0x000803dc        0xc C:\Users\Alexandre\AppData\Local\Temp\VMicroBuilds\FinalRobotAMC\arduino_due_x_dbg\Wire\Wire.cpp.o
                0x000803dc                TwoWire::available()
 .text._ZN7TwoWire4readEv
                0x000803e8       0x1e C:\Users\Alexandre\AppData\Local\Temp\VMicroBuilds\FinalRobotAMC\arduino_due_x_dbg\Wire\Wire.cpp.o
                0x000803e8                TwoWire::read()
 .text._ZN7TwoWire4peekEv
                0x00080406       0x16 C:\Users\Alexandre\AppData\Local\Temp\VMicroBuilds\FinalRobotAMC\arduino_due_x_dbg\Wire\Wire.cpp.o
                0x00080406                TwoWire::peek()
 .text._ZN7TwoWire5flushEv
                0x0008041c        0x2 C:\Users\Alexandre\AppData\Local\Temp\VMicroBuilds\FinalRobotAMC\arduino_due_x_dbg\Wire\Wire.cpp.o
                0x0008041c                TwoWire::flush()
 .text._ZN7TwoWire5writeEh
                0x0008041e       0x3a C:\Users\Alexandre\AppData\Local\Temp\VMicroBuilds\FinalRobotAMC\arduino_due_x_dbg\Wire\Wire.cpp.o
                0x0008041e                TwoWire::write(unsigned char)
 .text._ZL16TWI_WaitByteSentP3Twim.constprop.3
                0x00080458       0x2c C:\Users\Alexandre\AppData\Local\Temp\VMicroBuilds\FinalRobotAMC\arduino_due_x_dbg\Wire\Wire.cpp.o
 .text._ZL24TWI_WaitTransferCompleteP3Twim.constprop.4
                0x00080484       0x2c C:\Users\Alexandre\AppData\Local\Temp\VMicroBuilds\FinalRobotAMC\arduino_due_x_dbg\Wire\Wire.cpp.o
 .text._ZL9Wire_Initv
                0x000804b0       0x54 C:\Users\Alexandre\AppData\Local\Temp\VMicroBuilds\FinalRobotAMC\arduino_due_x_dbg\Wire\Wire.cpp.o
 .text._ZL12Wire1_Deinitv
                0x00080504       0x18 C:\Users\Alexandre\AppData\Local\Temp\VMicroBuilds\FinalRobotAMC\arduino_due_x_dbg\Wire\Wire.cpp.o
 .text._ZL11Wire_Deinitv
                0x0008051c       0x18 C:\Users\Alexandre\AppData\Local\Temp\VMicroBuilds\FinalRobotAMC\arduino_due_x_dbg\Wire\Wire.cpp.o
 .text._ZL10Wire1_Initv
                0x00080534       0x54 C:\Users\Alexandre\AppData\Local\Temp\VMicroBuilds\FinalRobotAMC\arduino_due_x_dbg\Wire\Wire.cpp.o
 .text._ZN7TwoWireC2EP3TwiPFvvES3_
                0x00080588       0x48 C:\Users\Alexandre\AppData\Local\Temp\VMicroBuilds\FinalRobotAMC\arduino_due_x_dbg\Wire\Wire.cpp.o
                0x00080588                TwoWire::TwoWire(Twi*, void (*)(), void (*)())
                0x00080588                TwoWire::TwoWire(Twi*, void (*)(), void (*)())
 .text._ZN7TwoWire5beginEv
                0x000805d0       0x30 C:\Users\Alexandre\AppData\Local\Temp\VMicroBuilds\FinalRobotAMC\arduino_due_x_dbg\Wire\Wire.cpp.o
                0x000805d0                TwoWire::begin()
 .text._ZN7TwoWire11requestFromEhhmhh
                0x00080600       0x78 C:\Users\Alexandre\AppData\Local\Temp\VMicroBuilds\FinalRobotAMC\arduino_due_x_dbg\Wire\Wire.cpp.o
                0x00080600                TwoWire::requestFrom(unsigned char, unsigned char, unsigned long, unsigned char, unsigned char)
 .text._ZN7TwoWire11requestFromEhhh
                0x00080678       0x12 C:\Users\Alexandre\AppData\Local\Temp\VMicroBuilds\FinalRobotAMC\arduino_due_x_dbg\Wire\Wire.cpp.o
                0x00080678                TwoWire::requestFrom(unsigned char, unsigned char, unsigned char)
 .text._ZN7TwoWire11requestFromEhh
                0x0008068a        0x6 C:\Users\Alexandre\AppData\Local\Temp\VMicroBuilds\FinalRobotAMC\arduino_due_x_dbg\Wire\Wire.cpp.o
                0x0008068a                TwoWire::requestFrom(unsigned char, unsigned char)
 .text._ZN7TwoWire17beginTransmissionEh
                0x00080690       0x12 C:\Users\Alexandre\AppData\Local\Temp\VMicroBuilds\FinalRobotAMC\arduino_due_x_dbg\Wire\Wire.cpp.o
                0x00080690                TwoWire::beginTransmission(unsigned char)
 .text._ZN7TwoWire15endTransmissionEh
                0x000806a2       0x82 C:\Users\Alexandre\AppData\Local\Temp\VMicroBuilds\FinalRobotAMC\arduino_due_x_dbg\Wire\Wire.cpp.o
                0x000806a2                TwoWire::endTransmission(unsigned char)
 .text._ZN7TwoWire15endTransmissionEv
                0x00080724        0x6 C:\Users\Alexandre\AppData\Local\Temp\VMicroBuilds\FinalRobotAMC\arduino_due_x_dbg\Wire\Wire.cpp.o
                0x00080724                TwoWire::endTransmission()
 .text._ZN7TwoWire9onServiceEv
                0x0008072a      0x118 C:\Users\Alexandre\AppData\Local\Temp\VMicroBuilds\FinalRobotAMC\arduino_due_x_dbg\Wire\Wire.cpp.o
                0x0008072a                TwoWire::onService()
 *fill*         0x00080842        0x2 
 .text.TWI1_Handler
                0x00080844        0xc C:\Users\Alexandre\AppData\Local\Temp\VMicroBuilds\FinalRobotAMC\arduino_due_x_dbg\Wire\Wire.cpp.o
                0x00080844                TWI1_Handler
 .text.TWI0_Handler
                0x00080850        0xc C:\Users\Alexandre\AppData\Local\Temp\VMicroBuilds\FinalRobotAMC\arduino_due_x_dbg\Wire\Wire.cpp.o
                0x00080850                TWI0_Handler
 .text.startup._GLOBAL__sub_I__ZN7TwoWireC2EP3TwiPFvvES3_
                0x0008085c       0x40 C:\Users\Alexandre\AppData\Local\Temp\VMicroBuilds\FinalRobotAMC\arduino_due_x_dbg\Wire\Wire.cpp.o
 .text._ZN6Thread11setIntervalEm
                0x0008089c        0xa C:\Users\Alexandre\AppData\Local\Temp\VMicroBuilds\FinalRobotAMC\arduino_due_x_dbg\ArduinoThread\Thread.cpp.o
                0x0008089c                Thread::setInterval(unsigned long)
 .text._ZN6Thread9shouldRunEm
                0x000808a6        0xe C:\Users\Alexandre\AppData\Local\Temp\VMicroBuilds\FinalRobotAMC\arduino_due_x_dbg\ArduinoThread\Thread.cpp.o
                0x000808a6                Thread::shouldRun(unsigned long)
 .text._ZN6Thread3runEv
                0x000808b4       0x18 C:\Users\Alexandre\AppData\Local\Temp\VMicroBuilds\FinalRobotAMC\arduino_due_x_dbg\ArduinoThread\Thread.cpp.o
                0x000808b4                Thread::run()
 .text._ZN6ThreadC2EPFvvEm
                0x000808cc       0x20 C:\Users\Alexandre\AppData\Local\Temp\VMicroBuilds\FinalRobotAMC\arduino_due_x_dbg\ArduinoThread\Thread.cpp.o
                0x000808cc                Thread::Thread(void (*)(), unsigned long)
                0x000808cc                Thread::Thread(void (*)(), unsigned long)
 .text._ZN6Thread6runnedEm
                0x000808ec        0xa C:\Users\Alexandre\AppData\Local\Temp\VMicroBuilds\FinalRobotAMC\arduino_due_x_dbg\ArduinoThread\Thread.cpp.o
                0x000808ec                Thread::runned(unsigned long)
 .text._ZN6Thread5onRunEPFvvE
                0x000808f6        0x4 C:\Users\Alexandre\AppData\Local\Temp\VMicroBuilds\FinalRobotAMC\arduino_due_x_dbg\ArduinoThread\Thread.cpp.o
                0x000808f6                Thread::onRun(void (*)())
 .text._ZN16ThreadController3runEv
                0x000808fa       0x4e C:\Users\Alexandre\AppData\Local\Temp\VMicroBuilds\FinalRobotAMC\arduino_due_x_dbg\ArduinoThread\ThreadController.cpp.o
                0x000808fa                ThreadController::run()
 .text._ZN16ThreadController3addEP6Thread
                0x00080948       0x3e C:\Users\Alexandre\AppData\Local\Temp\VMicroBuilds\FinalRobotAMC\arduino_due_x_dbg\ArduinoThread\ThreadController.cpp.o
                0x00080948                ThreadController::add(Thread*)
 .text._ZN16ThreadController5clearEv
                0x00080986       0x12 C:\Users\Alexandre\AppData\Local\Temp\VMicroBuilds\FinalRobotAMC\arduino_due_x_dbg\ArduinoThread\ThreadController.cpp.o
                0x00080986                ThreadController::clear()
 .text._ZN16ThreadControllerC2Em
                0x00080998       0x2c C:\Users\Alexandre\AppData\Local\Temp\VMicroBuilds\FinalRobotAMC\arduino_due_x_dbg\ArduinoThread\ThreadController.cpp.o
                0x00080998                ThreadController::ThreadController(unsigned long)
                0x00080998                ThreadController::ThreadController(unsigned long)
 .text.TC0_Handler
                0x000809c4       0x1c C:\Users\Alexandre\AppData\Local\Temp\VMicroBuilds\FinalRobotAMC\arduino_due_x_dbg\DueTimer\DueTimer.cpp.o
                0x000809c4                TC0_Handler
 .text.TC1_Handler
                0x000809e0       0x1c C:\Users\Alexandre\AppData\Local\Temp\VMicroBuilds\FinalRobotAMC\arduino_due_x_dbg\DueTimer\DueTimer.cpp.o
                0x000809e0                TC1_Handler
 .text.TC2_Handler
                0x000809fc       0x1c C:\Users\Alexandre\AppData\Local\Temp\VMicroBuilds\FinalRobotAMC\arduino_due_x_dbg\DueTimer\DueTimer.cpp.o
                0x000809fc                TC2_Handler
 .text.TC3_Handler
                0x00080a18       0x1c C:\Users\Alexandre\AppData\Local\Temp\VMicroBuilds\FinalRobotAMC\arduino_due_x_dbg\DueTimer\DueTimer.cpp.o
                0x00080a18                TC3_Handler
 .text.TC4_Handler
                0x00080a34       0x1c C:\Users\Alexandre\AppData\Local\Temp\VMicroBuilds\FinalRobotAMC\arduino_due_x_dbg\DueTimer\DueTimer.cpp.o
                0x00080a34                TC4_Handler
 .text.TC5_Handler
                0x00080a50       0x1c C:\Users\Alexandre\AppData\Local\Temp\VMicroBuilds\FinalRobotAMC\arduino_due_x_dbg\DueTimer\DueTimer.cpp.o
                0x00080a50                TC5_Handler
 .text.TC6_Handler
                0x00080a6c       0x1c C:\Users\Alexandre\AppData\Local\Temp\VMicroBuilds\FinalRobotAMC\arduino_due_x_dbg\DueTimer\DueTimer.cpp.o
                0x00080a6c                TC6_Handler
 .text.TC7_Handler
                0x00080a88       0x1c C:\Users\Alexandre\AppData\Local\Temp\VMicroBuilds\FinalRobotAMC\arduino_due_x_dbg\DueTimer\DueTimer.cpp.o
                0x00080a88                TC7_Handler
 .text.TC8_Handler
                0x00080aa4       0x1c C:\Users\Alexandre\AppData\Local\Temp\VMicroBuilds\FinalRobotAMC\arduino_due_x_dbg\DueTimer\DueTimer.cpp.o
                0x00080aa4                TC8_Handler
 .text.startup._GLOBAL__sub_I__ZN8DueTimer6TimersE
                0x00080ac0       0x64 C:\Users\Alexandre\AppData\Local\Temp\VMicroBuilds\FinalRobotAMC\arduino_due_x_dbg\DueTimer\DueTimer.cpp.o
 .text._ZN18ControleFuzzyClass12output1fuzzyEv
                0x00080b24        0x4 C:\Users\Alexandre\AppData\Local\Temp\VMicroBuilds\FinalRobotAMC\arduino_due_x_dbg\ControleFuzzy.cpp.o
                0x00080b24                ControleFuzzyClass::output1fuzzy()
 .text._ZN18ControleFuzzyClass12output2fuzzyEv
                0x00080b28        0x4 C:\Users\Alexandre\AppData\Local\Temp\VMicroBuilds\FinalRobotAMC\arduino_due_x_dbg\ControleFuzzy.cpp.o
                0x00080b28                ControleFuzzyClass::output2fuzzy()
 .text._ZN12MotorCCClass4initEv
                0x00080b2c       0x36 C:\Users\Alexandre\AppData\Local\Temp\VMicroBuilds\FinalRobotAMC\arduino_due_x_dbg\MotorCC.cpp.o
                0x00080b2c                MotorCCClass::init()
 *fill*         0x00080b62        0x2 
 .text._ZN12MPU6050classC2Ev
                0x00080b64       0x58 C:\Users\Alexandre\AppData\Local\Temp\VMicroBuilds\FinalRobotAMC\arduino_due_x_dbg\MPU6050spec.cpp.o
                0x00080b64                MPU6050class::MPU6050class()
                0x00080b64                MPU6050class::MPU6050class()
 .text._ZN12MPU6050class5leYawEv
                0x00080bbc        0x4 C:\Users\Alexandre\AppData\Local\Temp\VMicroBuilds\FinalRobotAMC\arduino_due_x_dbg\MPU6050spec.cpp.o
                0x00080bbc                MPU6050class::leYaw()
 .text._ZN12MPU6050class7lePitchEv
                0x00080bc0        0x4 C:\Users\Alexandre\AppData\Local\Temp\VMicroBuilds\FinalRobotAMC\arduino_due_x_dbg\MPU6050spec.cpp.o
                0x00080bc0                MPU6050class::lePitch()
 .text._ZN12MPU6050class6leRollEv
                0x00080bc4        0x6 C:\Users\Alexandre\AppData\Local\Temp\VMicroBuilds\FinalRobotAMC\arduino_due_x_dbg\MPU6050spec.cpp.o
                0x00080bc4                MPU6050class::leRoll()
 *fill*         0x00080bca        0x2 
 .text.startup._GLOBAL__sub_I__ZN12MPU6050classC2Ev
                0x00080bcc        0xc C:\Users\Alexandre\AppData\Local\Temp\VMicroBuilds\FinalRobotAMC\arduino_due_x_dbg\MPU6050spec.cpp.o
 .text._ZN12MPU6050class9writeByteEhhh
                0x00080bd8       0x2c C:\Users\Alexandre\AppData\Local\Temp\VMicroBuilds\FinalRobotAMC\arduino_due_x_dbg\MPU6050spec.cpp.o
                0x00080bd8                MPU6050class::writeByte(unsigned char, unsigned char, unsigned char)
 .text._ZN12MPU6050class8readByteEhh
                0x00080c04       0x38 C:\Users\Alexandre\AppData\Local\Temp\VMicroBuilds\FinalRobotAMC\arduino_due_x_dbg\MPU6050spec.cpp.o
                0x00080c04                MPU6050class::readByte(unsigned char, unsigned char)
 .text._ZN12MPU6050class11initMPU6050Ev
                0x00080c3c       0xb6 C:\Users\Alexandre\AppData\Local\Temp\VMicroBuilds\FinalRobotAMC\arduino_due_x_dbg\MPU6050spec.cpp.o
                0x00080c3c                MPU6050class::initMPU6050()
 *fill*         0x00080cf2        0x6 
 .text._ZN12MPU6050class15MPU6050SelfTestEPf
                0x00080cf8      0x338 C:\Users\Alexandre\AppData\Local\Temp\VMicroBuilds\FinalRobotAMC\arduino_due_x_dbg\MPU6050spec.cpp.o
                0x00080cf8                MPU6050class::MPU6050SelfTest(float*)
 .text._ZN12MPU6050class9readBytesEhhhPh
                0x00081030       0x4c C:\Users\Alexandre\AppData\Local\Temp\VMicroBuilds\FinalRobotAMC\arduino_due_x_dbg\MPU6050spec.cpp.o
                0x00081030                MPU6050class::readBytes(unsigned char, unsigned char, unsigned char, unsigned char*)
 .text._ZN12MPU6050class16calibrateMPU6050EPfS0_
                0x0008107c      0x3cc C:\Users\Alexandre\AppData\Local\Temp\VMicroBuilds\FinalRobotAMC\arduino_due_x_dbg\MPU6050spec.cpp.o
                0x0008107c                MPU6050class::calibrateMPU6050(float*, float*)
 .text._ZN12MPU6050class5SetupEhh
                0x00081448      0x1b0 C:\Users\Alexandre\AppData\Local\Temp\VMicroBuilds\FinalRobotAMC\arduino_due_x_dbg\MPU6050spec.cpp.o
                0x00081448                MPU6050class::Setup(unsigned char, unsigned char)
 .text._ZN16SensorLinhaClass7manobraEv
                0x000815f8       0x46 C:\Users\Alexandre\AppData\Local\Temp\VMicroBuilds\FinalRobotAMC\arduino_due_x_dbg\SensorLinha.cpp.o
                0x000815f8                SensorLinhaClass::manobra()
 .text.PIO_PullUp
                0x0008163e        0xa C:\Users\Alexandre\AppData\Local\arduino15\packages\arduino\hardware\sam\1.6.7\variants\arduino_due_x/libsam_sam3x8e_gcc_rel.a(pio.o)
                0x0008163e                PIO_PullUp
 .text.PIO_Get  0x00081648       0x14 C:\Users\Alexandre\AppData\Local\arduino15\packages\arduino\hardware\sam\1.6.7\variants\arduino_due_x/libsam_sam3x8e_gcc_rel.a(pio.o)
                0x00081648                PIO_Get
 .text.PIO_SetPeripheral
                0x0008165c       0x26 C:\Users\Alexandre\AppData\Local\arduino15\packages\arduino\hardware\sam\1.6.7\variants\arduino_due_x/libsam_sam3x8e_gcc_rel.a(pio.o)
                0x0008165c                PIO_SetPeripheral
 .text.PIO_SetInput
                0x00081682       0x26 C:\Users\Alexandre\AppData\Local\arduino15\packages\arduino\hardware\sam\1.6.7\variants\arduino_due_x/libsam_sam3x8e_gcc_rel.a(pio.o)
                0x00081682                PIO_SetInput
 .text.PIO_SetOutput
                0x000816a8       0x24 C:\Users\Alexandre\AppData\Local\arduino15\packages\arduino\hardware\sam\1.6.7\variants\arduino_due_x/libsam_sam3x8e_gcc_rel.a(pio.o)
                0x000816a8                PIO_SetOutput
 .text.PIO_Configure
                0x000816cc       0x64 C:\Users\Alexandre\AppData\Local\arduino15\packages\arduino\hardware\sam\1.6.7\variants\arduino_due_x/libsam_sam3x8e_gcc_rel.a(pio.o)
                0x000816cc                PIO_Configure
 .text.PIO_GetOutputDataStatus
                0x00081730       0x14 C:\Users\Alexandre\AppData\Local\arduino15\packages\arduino\hardware\sam\1.6.7\variants\arduino_due_x/libsam_sam3x8e_gcc_rel.a(pio.o)
                0x00081730                PIO_GetOutputDataStatus
 .text.pmc_enable_upll_clock
                0x00081744       0x14 C:\Users\Alexandre\AppData\Local\arduino15\packages\arduino\hardware\sam\1.6.7\variants\arduino_due_x/libsam_sam3x8e_gcc_rel.a(pmc.o)
                0x00081744                pmc_enable_upll_clock
 .text.pmc_enable_periph_clk
                0x00081758       0x44 C:\Users\Alexandre\AppData\Local\arduino15\packages\arduino\hardware\sam\1.6.7\variants\arduino_due_x/libsam_sam3x8e_gcc_rel.a(pmc.o)
                0x00081758                pmc_enable_periph_clk
 .text.pmc_disable_periph_clk
                0x0008179c       0x40 C:\Users\Alexandre\AppData\Local\arduino15\packages\arduino\hardware\sam\1.6.7\variants\arduino_due_x/libsam_sam3x8e_gcc_rel.a(pmc.o)
                0x0008179c                pmc_disable_periph_clk
 .text.pmc_switch_udpck_to_upllck
                0x000817dc       0x14 C:\Users\Alexandre\AppData\Local\arduino15\packages\arduino\hardware\sam\1.6.7\variants\arduino_due_x/libsam_sam3x8e_gcc_rel.a(pmc.o)
                0x000817dc                pmc_switch_udpck_to_upllck
 .text.pmc_enable_udpck
                0x000817f0        0xc C:\Users\Alexandre\AppData\Local\arduino15\packages\arduino\hardware\sam\1.6.7\variants\arduino_due_x/libsam_sam3x8e_gcc_rel.a(pmc.o)
                0x000817f0                pmc_enable_udpck
 .text.TC_Configure
                0x000817fc       0x38 C:\Users\Alexandre\AppData\Local\arduino15\packages\arduino\hardware\sam\1.6.7\variants\arduino_due_x/libsam_sam3x8e_gcc_rel.a(tc.o)
                0x000817fc                TC_Configure
 .text.TC_Start
                0x00081834       0x2c C:\Users\Alexandre\AppData\Local\arduino15\packages\arduino\hardware\sam\1.6.7\variants\arduino_due_x/libsam_sam3x8e_gcc_rel.a(tc.o)
                0x00081834                TC_Start
 .text.TC_GetStatus
                0x00081860        0x8 C:\Users\Alexandre\AppData\Local\arduino15\packages\arduino\hardware\sam\1.6.7\variants\arduino_due_x/libsam_sam3x8e_gcc_rel.a(tc.o)
                0x00081860                TC_GetStatus
 .text.TC_SetRA
                0x00081868        0x8 C:\Users\Alexandre\AppData\Local\arduino15\packages\arduino\hardware\sam\1.6.7\variants\arduino_due_x/libsam_sam3x8e_gcc_rel.a(tc.o)
                0x00081868                TC_SetRA
 .text.TC_SetRB
                0x00081870        0x8 C:\Users\Alexandre\AppData\Local\arduino15\packages\arduino\hardware\sam\1.6.7\variants\arduino_due_x/libsam_sam3x8e_gcc_rel.a(tc.o)
                0x00081870                TC_SetRB
 .text.TC_SetRC
                0x00081878        0x8 C:\Users\Alexandre\AppData\Local\arduino15\packages\arduino\hardware\sam\1.6.7\variants\arduino_due_x/libsam_sam3x8e_gcc_rel.a(tc.o)
                0x00081878                TC_SetRC
 .text.TWI_SetClock
                0x00081880       0x58 C:\Users\Alexandre\AppData\Local\arduino15\packages\arduino\hardware\sam\1.6.7\variants\arduino_due_x/libsam_sam3x8e_gcc_rel.a(twi.o)
                0x00081880                TWI_SetClock
 .text.TWI_Disable
                0x000818d8       0x2c C:\Users\Alexandre\AppData\Local\arduino15\packages\arduino\hardware\sam\1.6.7\variants\arduino_due_x/libsam_sam3x8e_gcc_rel.a(twi.o)
                0x000818d8                TWI_Disable
 .text.TWI_ConfigureMaster
                0x00081904       0x48 C:\Users\Alexandre\AppData\Local\arduino15\packages\arduino\hardware\sam\1.6.7\variants\arduino_due_x/libsam_sam3x8e_gcc_rel.a(twi.o)
                0x00081904                TWI_ConfigureMaster
 .text.TWI_Stop
                0x0008194c       0x28 C:\Users\Alexandre\AppData\Local\arduino15\packages\arduino\hardware\sam\1.6.7\variants\arduino_due_x/libsam_sam3x8e_gcc_rel.a(twi.o)
                0x0008194c                TWI_Stop
 .text.TWI_StartRead
                0x00081974       0x70 C:\Users\Alexandre\AppData\Local\arduino15\packages\arduino\hardware\sam\1.6.7\variants\arduino_due_x/libsam_sam3x8e_gcc_rel.a(twi.o)
                0x00081974                TWI_StartRead
 .text.TWI_ReadByte
                0x000819e4       0x28 C:\Users\Alexandre\AppData\Local\arduino15\packages\arduino\hardware\sam\1.6.7\variants\arduino_due_x/libsam_sam3x8e_gcc_rel.a(twi.o)
                0x000819e4                TWI_ReadByte
 .text.TWI_WriteByte
                0x00081a0c       0x24 C:\Users\Alexandre\AppData\Local\arduino15\packages\arduino\hardware\sam\1.6.7\variants\arduino_due_x/libsam_sam3x8e_gcc_rel.a(twi.o)
                0x00081a0c                TWI_WriteByte
 .text.TWI_StartWrite
                0x00081a30       0x7c C:\Users\Alexandre\AppData\Local\arduino15\packages\arduino\hardware\sam\1.6.7\variants\arduino_due_x/libsam_sam3x8e_gcc_rel.a(twi.o)
                0x00081a30                TWI_StartWrite
 .text.TWI_EnableIt
                0x00081aac       0x40 C:\Users\Alexandre\AppData\Local\arduino15\packages\arduino\hardware\sam\1.6.7\variants\arduino_due_x/libsam_sam3x8e_gcc_rel.a(twi.o)
                0x00081aac                TWI_EnableIt
 .text.TWI_DisableIt
                0x00081aec       0x40 C:\Users\Alexandre\AppData\Local\arduino15\packages\arduino\hardware\sam\1.6.7\variants\arduino_due_x/libsam_sam3x8e_gcc_rel.a(twi.o)
                0x00081aec                TWI_DisableIt
 .text.TWI_GetStatus
                0x00081b2c       0x28 C:\Users\Alexandre\AppData\Local\arduino15\packages\arduino\hardware\sam\1.6.7\variants\arduino_due_x/libsam_sam3x8e_gcc_rel.a(twi.o)
                0x00081b2c                TWI_GetStatus
 .text.TWI_SendSTOPCondition
                0x00081b54       0x2c C:\Users\Alexandre\AppData\Local\arduino15\packages\arduino\hardware\sam\1.6.7\variants\arduino_due_x/libsam_sam3x8e_gcc_rel.a(twi.o)
                0x00081b54                TWI_SendSTOPCondition
 .text.Reset_Handler
                0x00081b80       0x78 C:\Users\Alexandre\AppData\Local\arduino15\packages\arduino\hardware\sam\1.6.7\variants\arduino_due_x/libsam_sam3x8e_gcc_rel.a(startup_sam3xa.o)
                0x00081b80                Reset_Handler
 .text.UOTGHS_Handler
                0x00081bf8       0x10 C:\Users\Alexandre\AppData\Local\arduino15\packages\arduino\hardware\sam\1.6.7\variants\arduino_due_x/libsam_sam3x8e_gcc_rel.a(uotghs.o)
                0x00081bf8                UOTGHS_Handler
 .text.__halt   0x00081c08        0x2 C:\Users\Alexandre\AppData\Local\Temp\VMicroBuilds\FinalRobotAMC\arduino_due_x_dbg/core.a(cortex_handlers.c.o)
                0x00081c08                DACC_Handler
                0x00081c08                DebugMon_Handler
                0x00081c08                DMAC_Handler
                0x00081c08                TRNG_Handler
                0x00081c08                HardFault_Handler
                0x00081c08                NMI_Handler
                0x00081c08                ADC_Handler
                0x00081c08                SMC_Handler
                0x00081c08                RTT_Handler
                0x00081c08                EFC1_Handler
                0x00081c08                PIOB_Handler
                0x00081c08                RTC_Handler
                0x00081c08                UsageFault_Handler
                0x00081c08                WDT_Handler
                0x00081c08                CAN0_Handler
                0x00081c08                HSMCI_Handler
                0x00081c08                PIOA_Handler
                0x00081c08                SSC_Handler
                0x00081c08                EFC0_Handler
                0x00081c08                PMC_Handler
                0x00081c08                PWM_Handler
                0x00081c08                CAN1_Handler
                0x00081c08                MemManage_Handler
                0x00081c08                SUPC_Handler
                0x00081c08                USART2_Handler
                0x00081c08                PIOD_Handler
                0x00081c08                EMAC_Handler
                0x00081c08                PIOC_Handler
                0x00081c08                BusFault_Handler
                0x00081c08                RSTC_Handler
                0x00081c08                SPI0_Handler
 .text.SVC_Handler
                0x00081c0a        0x4 C:\Users\Alexandre\AppData\Local\Temp\VMicroBuilds\FinalRobotAMC\arduino_due_x_dbg/core.a(cortex_handlers.c.o)
                0x00081c0a                SVC_Handler
 .text.PendSV_Handler
                0x00081c0e        0x4 C:\Users\Alexandre\AppData\Local\Temp\VMicroBuilds\FinalRobotAMC\arduino_due_x_dbg/core.a(cortex_handlers.c.o)
                0x00081c0e                PendSV_Handler
 .text.SysTick_Handler
                0x00081c12       0x16 C:\Users\Alexandre\AppData\Local\Temp\VMicroBuilds\FinalRobotAMC\arduino_due_x_dbg/core.a(cortex_handlers.c.o)
                0x00081c12                SysTick_Handler
 .text.__empty  0x00081c28        0x2 C:\Users\Alexandre\AppData\Local\Temp\VMicroBuilds\FinalRobotAMC\arduino_due_x_dbg/core.a(hooks.c.o)
                0x00081c28                yield
 .text.__false  0x00081c2a        0x4 C:\Users\Alexandre\AppData\Local\Temp\VMicroBuilds\FinalRobotAMC\arduino_due_x_dbg/core.a(hooks.c.o)
                0x00081c2a                sysTickHook
 .text.__halt   0x00081c2e        0x2 C:\Users\Alexandre\AppData\Local\Temp\VMicroBuilds\FinalRobotAMC\arduino_due_x_dbg/core.a(hooks.c.o)
                0x00081c2e                svcHook
                0x00081c2e                pendSVHook
 .text.millis   0x00081c30        0x4 C:\Users\Alexandre\AppData\Local\Temp\VMicroBuilds\FinalRobotAMC\arduino_due_x_dbg/core.a(wiring.c.o)
                0x00081c30                millis
 .text.delay    0x00081c34       0x1c C:\Users\Alexandre\AppData\Local\Temp\VMicroBuilds\FinalRobotAMC\arduino_due_x_dbg/core.a(wiring.c.o)
                0x00081c34                delay
 .text.mapResolution
                0x00081c50       0x12 C:\Users\Alexandre\AppData\Local\Temp\VMicroBuilds\FinalRobotAMC\arduino_due_x_dbg/core.a(wiring_analog.c.o)
 .text.analogOutputInit
                0x00081c62        0x2 C:\Users\Alexandre\AppData\Local\Temp\VMicroBuilds\FinalRobotAMC\arduino_due_x_dbg/core.a(wiring_analog.c.o)
                0x00081c62                analogOutputInit
 .text.analogWrite
                0x00081c64      0x2c0 C:\Users\Alexandre\AppData\Local\Temp\VMicroBuilds\FinalRobotAMC\arduino_due_x_dbg/core.a(wiring_analog.c.o)
                0x00081c64                analogWrite
 .text.pinMode  0x00081f24      0x108 C:\Users\Alexandre\AppData\Local\Temp\VMicroBuilds\FinalRobotAMC\arduino_due_x_dbg/core.a(wiring_digital.c.o)
                0x00081f24                pinMode
 .text.digitalWrite
                0x0008202c       0x70 C:\Users\Alexandre\AppData\Local\Temp\VMicroBuilds\FinalRobotAMC\arduino_due_x_dbg/core.a(wiring_digital.c.o)
                0x0008202c                digitalWrite
 .text.digitalRead
                0x0008209c       0x44 C:\Users\Alexandre\AppData\Local\Temp\VMicroBuilds\FinalRobotAMC\arduino_due_x_dbg/core.a(wiring_digital.c.o)
                0x0008209c                digitalRead
 .text.initVariant
                0x000820e0        0x2 C:\Users\Alexandre\AppData\Local\Temp\VMicroBuilds\FinalRobotAMC\arduino_due_x_dbg/core.a(main.cpp.o)
                0x000820e0                initVariant
 *fill*         0x000820e2        0x2 
 .text.startup.main
                0x000820e4       0x38 C:\Users\Alexandre\AppData\Local\Temp\VMicroBuilds\FinalRobotAMC\arduino_due_x_dbg/core.a(main.cpp.o)
                0x000820e4                main
 .text._ZN5Print5writeEPKhj
                0x0008211c       0x22 C:\Users\Alexandre\AppData\Local\Temp\VMicroBuilds\FinalRobotAMC\arduino_due_x_dbg/core.a(Print.cpp.o)
                0x0008211c                Print::write(unsigned char const*, unsigned int)
 .text._ZN5Print5writeEPKc
                0x0008213e       0x1e C:\Users\Alexandre\AppData\Local\Temp\VMicroBuilds\FinalRobotAMC\arduino_due_x_dbg/core.a(Print.cpp.o)
                0x0008213e                Print::write(char const*)
 .text._ZN5Print5printEPKc
                0x0008215c        0x8 C:\Users\Alexandre\AppData\Local\Temp\VMicroBuilds\FinalRobotAMC\arduino_due_x_dbg/core.a(Print.cpp.o)
                0x0008215c                Print::print(char const*)
 .text._ZN5Print5printEc
                0x00082164        0xa C:\Users\Alexandre\AppData\Local\Temp\VMicroBuilds\FinalRobotAMC\arduino_due_x_dbg/core.a(Print.cpp.o)
                0x00082164                Print::print(char)
 *fill*         0x0008216e        0x2 
 .text._ZN5Print7printlnEv
                0x00082170       0x10 C:\Users\Alexandre\AppData\Local\Temp\VMicroBuilds\FinalRobotAMC\arduino_due_x_dbg/core.a(Print.cpp.o)
                0x00082170                Print::println()
 .text._ZN5Print7printlnEPKc
                0x00082180       0x14 C:\Users\Alexandre\AppData\Local\Temp\VMicroBuilds\FinalRobotAMC\arduino_due_x_dbg/core.a(Print.cpp.o)
                0x00082180                Print::println(char const*)
 .text._ZN5Print11printNumberEmh
                0x00082194       0x3e C:\Users\Alexandre\AppData\Local\Temp\VMicroBuilds\FinalRobotAMC\arduino_due_x_dbg/core.a(Print.cpp.o)
                0x00082194                Print::printNumber(unsigned long, unsigned char)
 .text._ZN5Print5printEli
                0x000821d2       0x3c C:\Users\Alexandre\AppData\Local\Temp\VMicroBuilds\FinalRobotAMC\arduino_due_x_dbg/core.a(Print.cpp.o)
                0x000821d2                Print::print(long, int)
 .text._ZN5Print5printEmi
                0x0008220e       0x18 C:\Users\Alexandre\AppData\Local\Temp\VMicroBuilds\FinalRobotAMC\arduino_due_x_dbg/core.a(Print.cpp.o)
                0x0008220e                Print::print(unsigned long, int)
 .text._ZN5Print7printlnEhi
                0x00082226       0x14 C:\Users\Alexandre\AppData\Local\Temp\VMicroBuilds\FinalRobotAMC\arduino_due_x_dbg/core.a(Print.cpp.o)
                0x00082226                Print::println(unsigned char, int)
 *fill*         0x0008223a        0x2 
 .text._ZN5Print10printFloatEdh
                0x0008223c      0x14c C:\Users\Alexandre\AppData\Local\Temp\VMicroBuilds\FinalRobotAMC\arduino_due_x_dbg/core.a(Print.cpp.o)
                0x0008223c                Print::printFloat(double, unsigned char)
 .text._ZN5Print5printEdi
                0x00082388        0xa C:\Users\Alexandre\AppData\Local\Temp\VMicroBuilds\FinalRobotAMC\arduino_due_x_dbg/core.a(Print.cpp.o)
                0x00082388                Print::print(double, int)
 .text._ZN5Print7printlnEdi
                0x00082392       0x1c C:\Users\Alexandre\AppData\Local\Temp\VMicroBuilds\FinalRobotAMC\arduino_due_x_dbg/core.a(Print.cpp.o)
                0x00082392                Print::println(double, int)
 *fill*         0x000823ae        0x2 
 .text.initiateReset
                0x000823b0        0xc C:\Users\Alexandre\AppData\Local\Temp\VMicroBuilds\FinalRobotAMC\arduino_due_x_dbg/core.a(Reset.cpp.o)
                0x000823b0                initiateReset
 .text.cancelReset
                0x000823bc       0x10 C:\Users\Alexandre\AppData\Local\Temp\VMicroBuilds\FinalRobotAMC\arduino_due_x_dbg/core.a(Reset.cpp.o)
                0x000823bc                cancelReset
 .text.tickReset
                0x000823cc       0x20 C:\Users\Alexandre\AppData\Local\Temp\VMicroBuilds\FinalRobotAMC\arduino_due_x_dbg/core.a(Reset.cpp.o)
                0x000823cc                tickReset
 .text._ZN9UARTClasscvbEv
                0x000823ec        0x4 C:\Users\Alexandre\AppData\Local\Temp\VMicroBuilds\FinalRobotAMC\arduino_due_x_dbg/core.a(UARTClass.cpp.o)
                0x000823ec                UARTClass::operator bool()
 .text._ZN9UARTClass9availableEv
                0x000823f0       0x12 C:\Users\Alexandre\AppData\Local\Temp\VMicroBuilds\FinalRobotAMC\arduino_due_x_dbg/core.a(UARTClass.cpp.o)
                0x000823f0                UARTClass::available()
 .text._ZN9UARTClass4peekEv
                0x00082402       0x1c C:\Users\Alexandre\AppData\Local\Temp\VMicroBuilds\FinalRobotAMC\arduino_due_x_dbg/core.a(UARTClass.cpp.o)
                0x00082402                UARTClass::peek()
 .text._ZN9UARTClass4readEv
                0x0008241e       0x2a C:\Users\Alexandre\AppData\Local\Temp\VMicroBuilds\FinalRobotAMC\arduino_due_x_dbg/core.a(UARTClass.cpp.o)
                0x0008241e                UARTClass::read()
 .text._ZN9UARTClass5flushEv
                0x00082448       0x18 C:\Users\Alexandre\AppData\Local\Temp\VMicroBuilds\FinalRobotAMC\arduino_due_x_dbg/core.a(UARTClass.cpp.o)
                0x00082448                UARTClass::flush()
 .text._ZN9UARTClass5writeEh
                0x00082460       0x54 C:\Users\Alexandre\AppData\Local\Temp\VMicroBuilds\FinalRobotAMC\arduino_due_x_dbg/core.a(UARTClass.cpp.o)
                0x00082460                UARTClass::write(unsigned char)
 .text._ZN9UARTClass3endEv
                0x000824b4       0x3c C:\Users\Alexandre\AppData\Local\Temp\VMicroBuilds\FinalRobotAMC\arduino_due_x_dbg/core.a(UARTClass.cpp.o)
                0x000824b4                UARTClass::end()
 .text._ZN9UARTClassC2EP4Uart4IRQnmP10RingBufferS4_
                0x000824f0       0x24 C:\Users\Alexandre\AppData\Local\Temp\VMicroBuilds\FinalRobotAMC\arduino_due_x_dbg/core.a(UARTClass.cpp.o)
                0x000824f0                UARTClass::UARTClass(Uart*, IRQn, unsigned long, RingBuffer*, RingBuffer*)
                0x000824f0                UARTClass::UARTClass(Uart*, IRQn, unsigned long, RingBuffer*, RingBuffer*)
 .text._ZN9UARTClass4initEmm
                0x00082514       0x70 C:\Users\Alexandre\AppData\Local\Temp\VMicroBuilds\FinalRobotAMC\arduino_due_x_dbg/core.a(UARTClass.cpp.o)
                0x00082514                UARTClass::init(unsigned long, unsigned long)
 .text._ZN9UARTClass5beginEm
                0x00082584        0x8 C:\Users\Alexandre\AppData\Local\Temp\VMicroBuilds\FinalRobotAMC\arduino_due_x_dbg/core.a(UARTClass.cpp.o)
                0x00082584                UARTClass::begin(unsigned long)
 .text._ZN9UARTClass10IrqHandlerEv
                0x0008258c       0x5a C:\Users\Alexandre\AppData\Local\Temp\VMicroBuilds\FinalRobotAMC\arduino_due_x_dbg/core.a(UARTClass.cpp.o)
                0x0008258c                UARTClass::IrqHandler()
 *fill*         0x000825e6        0x2 
 .text._watchdogDefaultSetup
                0x000825e8        0xc C:\Users\Alexandre\AppData\Local\Temp\VMicroBuilds\FinalRobotAMC\arduino_due_x_dbg/core.a(watchdog.cpp.o)
                0x000825e8                _watchdogDefaultSetup
                0x000825e8                watchdogSetup()
 .text.unlikely._ZL11USB_SendZlpv
                0x000825f4       0x20 C:\Users\Alexandre\AppData\Local\Temp\VMicroBuilds\FinalRobotAMC\arduino_due_x_dbg/core.a(USBCore.cpp.o)
 .text._Z14USBD_Availablem
                0x00082614       0x2c C:\Users\Alexandre\AppData\Local\Temp\VMicroBuilds\FinalRobotAMC\arduino_due_x_dbg/core.a(USBCore.cpp.o)
                0x00082614                USBD_Available(unsigned long)
 .text._Z9USBD_RecvmPvm
                0x00082640       0x7c C:\Users\Alexandre\AppData\Local\Temp\VMicroBuilds\FinalRobotAMC\arduino_due_x_dbg/core.a(USBCore.cpp.o)
                0x00082640                USBD_Recv(unsigned long, void*, unsigned long)
 .text._Z9USBD_Recvm
                0x000826bc       0x22 C:\Users\Alexandre\AppData\Local\Temp\VMicroBuilds\FinalRobotAMC\arduino_due_x_dbg/core.a(USBCore.cpp.o)
                0x000826bc                USBD_Recv(unsigned long)
 *fill*         0x000826de        0x2 
 .text._Z9USBD_SendmPKvm
                0x000826e0       0x4c C:\Users\Alexandre\AppData\Local\Temp\VMicroBuilds\FinalRobotAMC\arduino_due_x_dbg/core.a(USBCore.cpp.o)
                0x000826e0                USBD_Send(unsigned long, void const*, unsigned long)
 .text._Z16USBD_SendControlhPKvm
                0x0008272c       0x40 C:\Users\Alexandre\AppData\Local\Temp\VMicroBuilds\FinalRobotAMC\arduino_due_x_dbg/core.a(USBCore.cpp.o)
                0x0008272c                USBD_SendControl(unsigned char, void const*, unsigned long)
 .text.unlikely._ZL24USB_SendStringDescriptorPKhi
                0x0008276c       0x64 C:\Users\Alexandre\AppData\Local\Temp\VMicroBuilds\FinalRobotAMC\arduino_due_x_dbg/core.a(USBCore.cpp.o)
 .text._Z16USBD_RecvControlPvm
                0x000827d0       0x1c C:\Users\Alexandre\AppData\Local\Temp\VMicroBuilds\FinalRobotAMC\arduino_due_x_dbg/core.a(USBCore.cpp.o)
                0x000827d0                USBD_RecvControl(void*, unsigned long)
 .text._Z26USBD_ClassInterfaceRequestR8USBSetup
                0x000827ec       0x1e C:\Users\Alexandre\AppData\Local\Temp\VMicroBuilds\FinalRobotAMC\arduino_due_x_dbg/core.a(USBCore.cpp.o)
                0x000827ec                USBD_ClassInterfaceRequest(USBSetup&)
 .text._Z19USBD_SendInterfacesv
                0x0008280a       0x22 C:\Users\Alexandre\AppData\Local\Temp\VMicroBuilds\FinalRobotAMC\arduino_due_x_dbg/core.a(USBCore.cpp.o)
                0x0008280a                USBD_SendInterfaces()
 .text._Z24USBD_SendOtherInterfacesv
                0x0008282c       0x22 C:\Users\Alexandre\AppData\Local\Temp\VMicroBuilds\FinalRobotAMC\arduino_due_x_dbg/core.a(USBCore.cpp.o)
                0x0008282c                USBD_SendOtherInterfaces()
 .text._Z10USBD_Flushm
                0x0008284e       0x16 C:\Users\Alexandre\AppData\Local\Temp\VMicroBuilds\FinalRobotAMC\arduino_due_x_dbg/core.a(USBCore.cpp.o)
                0x0008284e                USBD_Flush(unsigned long)
 .text._ZN10USBDevice_C2Ev
                0x00082864       0x24 C:\Users\Alexandre\AppData\Local\Temp\VMicroBuilds\FinalRobotAMC\arduino_due_x_dbg/core.a(USBCore.cpp.o)
                0x00082864                USBDevice_::USBDevice_()
                0x00082864                USBDevice_::USBDevice_()
 .text._ZN10USBDevice_6attachEv
                0x00082888       0x20 C:\Users\Alexandre\AppData\Local\Temp\VMicroBuilds\FinalRobotAMC\arduino_due_x_dbg/core.a(USBCore.cpp.o)
                0x00082888                USBDevice_::attach()
 .text.startup._GLOBAL__sub_I_EndPoints
                0x000828a8        0xc C:\Users\Alexandre\AppData\Local\Temp\VMicroBuilds\FinalRobotAMC\arduino_due_x_dbg/core.a(USBCore.cpp.o)
 .text._ZL7USB_ISRv
                0x000828b4      0x454 C:\Users\Alexandre\AppData\Local\Temp\VMicroBuilds\FinalRobotAMC\arduino_due_x_dbg/core.a(USBCore.cpp.o)
 .text._Z11serialEventv
                0x00082d08        0x2 C:\Users\Alexandre\AppData\Local\Temp\VMicroBuilds\FinalRobotAMC\arduino_due_x_dbg/core.a(variant.cpp.o)
                0x00082d08                serialEvent()
 *fill*         0x00082d0a        0x2 
 .text.UART_Handler
                0x00082d0c        0xc C:\Users\Alexandre\AppData\Local\Temp\VMicroBuilds\FinalRobotAMC\arduino_due_x_dbg/core.a(variant.cpp.o)
                0x00082d0c                UART_Handler
 .text._Z12serialEvent1v
                0x00082d18        0x2 C:\Users\Alexandre\AppData\Local\Temp\VMicroBuilds\FinalRobotAMC\arduino_due_x_dbg/core.a(variant.cpp.o)
                0x00082d18                serialEvent1()
 .text._Z12serialEvent2v
                0x00082d1a        0x2 C:\Users\Alexandre\AppData\Local\Temp\VMicroBuilds\FinalRobotAMC\arduino_due_x_dbg/core.a(variant.cpp.o)
                0x00082d1a                serialEvent2()
 .text._Z12serialEvent3v
                0x00082d1c        0x2 C:\Users\Alexandre\AppData\Local\Temp\VMicroBuilds\FinalRobotAMC\arduino_due_x_dbg/core.a(variant.cpp.o)
                0x00082d1c                serialEvent3()
 *fill*         0x00082d1e        0x2 
 .text.USART0_Handler
                0x00082d20        0xc C:\Users\Alexandre\AppData\Local\Temp\VMicroBuilds\FinalRobotAMC\arduino_due_x_dbg/core.a(variant.cpp.o)
                0x00082d20                USART0_Handler
 .text.USART1_Handler
                0x00082d2c        0xc C:\Users\Alexandre\AppData\Local\Temp\VMicroBuilds\FinalRobotAMC\arduino_due_x_dbg/core.a(variant.cpp.o)
                0x00082d2c                USART1_Handler
 .text.USART3_Handler
                0x00082d38        0xc C:\Users\Alexandre\AppData\Local\Temp\VMicroBuilds\FinalRobotAMC\arduino_due_x_dbg/core.a(variant.cpp.o)
                0x00082d38                USART3_Handler
 .text.init     0x00082d44      0x128 C:\Users\Alexandre\AppData\Local\Temp\VMicroBuilds\FinalRobotAMC\arduino_due_x_dbg/core.a(variant.cpp.o)
                0x00082d44                init
 .text.startup._GLOBAL__sub_I_g_APinDescription
                0x00082e6c       0xd4 C:\Users\Alexandre\AppData\Local\Temp\VMicroBuilds\FinalRobotAMC\arduino_due_x_dbg/core.a(variant.cpp.o)
 .text._Z14serialEventRunv
                0x00082f40       0x44 C:\Users\Alexandre\AppData\Local\Temp\VMicroBuilds\FinalRobotAMC\arduino_due_x_dbg/core.a(variant.cpp.o)
                0x00082f40                serialEventRun()
 .text._ZN10RingBufferC2Ev
                0x00082f84       0x1a C:\Users\Alexandre\AppData\Local\Temp\VMicroBuilds\FinalRobotAMC\arduino_due_x_dbg/core.a(RingBuffer.cpp.o)
                0x00082f84                RingBuffer::RingBuffer()
                0x00082f84                RingBuffer::RingBuffer()
 .text._ZN10RingBuffer10store_charEh
                0x00082f9e       0x1e C:\Users\Alexandre\AppData\Local\Temp\VMicroBuilds\FinalRobotAMC\arduino_due_x_dbg/core.a(RingBuffer.cpp.o)
                0x00082f9e                RingBuffer::store_char(unsigned char)
 .text._ZN10USARTClass5beginEm
                0x00082fbc        0x8 C:\Users\Alexandre\AppData\Local\Temp\VMicroBuilds\FinalRobotAMC\arduino_due_x_dbg/core.a(USARTClass.cpp.o)
                0x00082fbc                USARTClass::begin(unsigned long)
 .text._ZN10USARTClassC2EP5Usart4IRQnmP10RingBufferS4_
                0x00082fc4       0x24 C:\Users\Alexandre\AppData\Local\Temp\VMicroBuilds\FinalRobotAMC\arduino_due_x_dbg/core.a(USARTClass.cpp.o)
                0x00082fc4                USARTClass::USARTClass(Usart*, IRQn, unsigned long, RingBuffer*, RingBuffer*)
                0x00082fc4                USARTClass::USARTClass(Usart*, IRQn, unsigned long, RingBuffer*, RingBuffer*)
 .text._ZN7Serial_9availableEv
                0x00082fe8       0x18 C:\Users\Alexandre\AppData\Local\Temp\VMicroBuilds\FinalRobotAMC\arduino_due_x_dbg/core.a(CDC.cpp.o)
                0x00082fe8                Serial_::available()
 .text._ZN7Serial_4peekEv
                0x00083000       0x20 C:\Users\Alexandre\AppData\Local\Temp\VMicroBuilds\FinalRobotAMC\arduino_due_x_dbg/core.a(CDC.cpp.o)
                0x00083000                Serial_::peek()
 .text._ZN7Serial_5writeEh
                0x00083020       0x16 C:\Users\Alexandre\AppData\Local\Temp\VMicroBuilds\FinalRobotAMC\arduino_due_x_dbg/core.a(CDC.cpp.o)
                0x00083020                Serial_::write(unsigned char)
 *fill*         0x00083036        0x2 
 .text._ZN7Serial_4readEv
                0x00083038       0x44 C:\Users\Alexandre\AppData\Local\Temp\VMicroBuilds\FinalRobotAMC\arduino_due_x_dbg/core.a(CDC.cpp.o)
                0x00083038                Serial_::read()
 .text._ZN7Serial_5flushEv
                0x0008307c        0x6 C:\Users\Alexandre\AppData\Local\Temp\VMicroBuilds\FinalRobotAMC\arduino_due_x_dbg/core.a(CDC.cpp.o)
                0x0008307c                Serial_::flush()
 *fill*         0x00083082        0x2 
 .text._ZN7Serial_6acceptEv
                0x00083084       0x70 C:\Users\Alexandre\AppData\Local\Temp\VMicroBuilds\FinalRobotAMC\arduino_due_x_dbg/core.a(CDC.cpp.o)
                0x00083084                Serial_::accept()
 .text._ZN7Serial_5writeEPKhj
                0x000830f4       0x2c C:\Users\Alexandre\AppData\Local\Temp\VMicroBuilds\FinalRobotAMC\arduino_due_x_dbg/core.a(CDC.cpp.o)
                0x000830f4                Serial_::write(unsigned char const*, unsigned int)
 .text._Z16CDC_GetInterfacePh
                0x00083120       0x14 C:\Users\Alexandre\AppData\Local\Temp\VMicroBuilds\FinalRobotAMC\arduino_due_x_dbg/core.a(CDC.cpp.o)
                0x00083120                CDC_GetInterface(unsigned char*)
 .text._Z21CDC_GetOtherInterfacePh
                0x00083134       0x14 C:\Users\Alexandre\AppData\Local\Temp\VMicroBuilds\FinalRobotAMC\arduino_due_x_dbg/core.a(CDC.cpp.o)
                0x00083134                CDC_GetOtherInterface(unsigned char*)
 .text._Z9CDC_SetupR8USBSetup
                0x00083148       0x78 C:\Users\Alexandre\AppData\Local\Temp\VMicroBuilds\FinalRobotAMC\arduino_due_x_dbg/core.a(CDC.cpp.o)
                0x00083148                CDC_Setup(USBSetup&)
 .text.startup._GLOBAL__sub_I_cdc_rx_buffer
                0x000831c0       0x1c C:\Users\Alexandre\AppData\Local\Temp\VMicroBuilds\FinalRobotAMC\arduino_due_x_dbg/core.a(CDC.cpp.o)
 .text._ZN13PluggableUSB_12getInterfaceEPh
                0x000831dc       0x28 C:\Users\Alexandre\AppData\Local\Temp\VMicroBuilds\FinalRobotAMC\arduino_due_x_dbg/core.a(PluggableUSB.cpp.o)
                0x000831dc                PluggableUSB_::getInterface(unsigned char*)
 .text._ZN13PluggableUSB_13getDescriptorER8USBSetup
                0x00083204       0x1c C:\Users\Alexandre\AppData\Local\Temp\VMicroBuilds\FinalRobotAMC\arduino_due_x_dbg/core.a(PluggableUSB.cpp.o)
                0x00083204                PluggableUSB_::getDescriptor(USBSetup&)
 .text._ZN13PluggableUSB_12getShortNameEPc
                0x00083220       0x1c C:\Users\Alexandre\AppData\Local\Temp\VMicroBuilds\FinalRobotAMC\arduino_due_x_dbg/core.a(PluggableUSB.cpp.o)
                0x00083220                PluggableUSB_::getShortName(char*)
 .text._ZN13PluggableUSB_5setupER8USBSetup
                0x0008323c       0x20 C:\Users\Alexandre\AppData\Local\Temp\VMicroBuilds\FinalRobotAMC\arduino_due_x_dbg/core.a(PluggableUSB.cpp.o)
                0x0008323c                PluggableUSB_::setup(USBSetup&)
 .text._Z12PluggableUSBv
                0x0008325c       0x28 C:\Users\Alexandre\AppData\Local\Temp\VMicroBuilds\FinalRobotAMC\arduino_due_x_dbg/core.a(PluggableUSB.cpp.o)
                0x0008325c                PluggableUSB()
 .text.FindClockConfiguration
                0x00083284       0x7c C:\Users\Alexandre\AppData\Local\arduino15\packages\arduino\hardware\sam\1.6.7\variants\arduino_due_x/libsam_sam3x8e_gcc_rel.a(pwmc.o)
 .text.PWMC_ConfigureChannel
                0x00083300       0x60 C:\Users\Alexandre\AppData\Local\arduino15\packages\arduino\hardware\sam\1.6.7\variants\arduino_due_x/libsam_sam3x8e_gcc_rel.a(pwmc.o)
                0x00083300                PWMC_ConfigureChannel
 .text.PWMC_ConfigureClocks
                0x00083360       0x54 C:\Users\Alexandre\AppData\Local\arduino15\packages\arduino\hardware\sam\1.6.7\variants\arduino_due_x/libsam_sam3x8e_gcc_rel.a(pwmc.o)
                0x00083360                PWMC_ConfigureClocks
 .text.PWMC_SetPeriod
                0x000833b4       0x1a C:\Users\Alexandre\AppData\Local\arduino15\packages\arduino\hardware\sam\1.6.7\variants\arduino_due_x/libsam_sam3x8e_gcc_rel.a(pwmc.o)
                0x000833b4                PWMC_SetPeriod
 *fill*         0x000833ce        0x2 
 .text.PWMC_SetDutyCycle
                0x000833d0       0x44 C:\Users\Alexandre\AppData\Local\arduino15\packages\arduino\hardware\sam\1.6.7\variants\arduino_due_x/libsam_sam3x8e_gcc_rel.a(pwmc.o)
                0x000833d0                PWMC_SetDutyCycle
 .text.PWMC_EnableChannel
                0x00083414        0xa C:\Users\Alexandre\AppData\Local\arduino15\packages\arduino\hardware\sam\1.6.7\variants\arduino_due_x/libsam_sam3x8e_gcc_rel.a(pwmc.o)
                0x00083414                PWMC_EnableChannel
 *fill*         0x0008341e        0x2 
 .text.TimeTick_Increment
                0x00083420       0x10 C:\Users\Alexandre\AppData\Local\arduino15\packages\arduino\hardware\sam\1.6.7\variants\arduino_due_x/libsam_sam3x8e_gcc_rel.a(timetick.o)
                0x00083420                TimeTick_Increment
 .text.GetTickCount
                0x00083430        0xc C:\Users\Alexandre\AppData\Local\arduino15\packages\arduino\hardware\sam\1.6.7\variants\arduino_due_x/libsam_sam3x8e_gcc_rel.a(timetick.o)
                0x00083430                GetTickCount
 .text.WDT_Disable
                0x0008343c        0x8 C:\Users\Alexandre\AppData\Local\arduino15\packages\arduino\hardware\sam\1.6.7\variants\arduino_due_x/libsam_sam3x8e_gcc_rel.a(wdt.o)
                0x0008343c                WDT_Disable
 .text.SystemInit
                0x00083444       0x88 C:\Users\Alexandre\AppData\Local\arduino15\packages\arduino\hardware\sam\1.6.7\variants\arduino_due_x/libsam_sam3x8e_gcc_rel.a(system_sam3xa.o)
                0x00083444                SystemInit
 .text.adc_init
                0x000834cc       0x98 C:\Users\Alexandre\AppData\Local\arduino15\packages\arduino\hardware\sam\1.6.7\variants\arduino_due_x/libsam_sam3x8e_gcc_rel.a(adc.o)
                0x000834cc                adc_init
 .text.adc_configure_trigger
                0x00083564        0xe C:\Users\Alexandre\AppData\Local\arduino15\packages\arduino\hardware\sam\1.6.7\variants\arduino_due_x/libsam_sam3x8e_gcc_rel.a(adc.o)
                0x00083564                adc_configure_trigger
 .text.adc_configure_timing
                0x00083572       0x1a C:\Users\Alexandre\AppData\Local\arduino15\packages\arduino\hardware\sam\1.6.7\variants\arduino_due_x/libsam_sam3x8e_gcc_rel.a(adc.o)
                0x00083572                adc_configure_timing
 .text.adc_disable_channel
                0x0008358c        0xa C:\Users\Alexandre\AppData\Local\arduino15\packages\arduino\hardware\sam\1.6.7\variants\arduino_due_x/libsam_sam3x8e_gcc_rel.a(adc.o)
                0x0008358c                adc_disable_channel
 .text.adc_disable_all_channel
                0x00083596        0x8 C:\Users\Alexandre\AppData\Local\arduino15\packages\arduino\hardware\sam\1.6.7\variants\arduino_due_x/libsam_sam3x8e_gcc_rel.a(adc.o)
                0x00083596                adc_disable_all_channel
 .text.adc_disable_interrupt
                0x0008359e        0x4 C:\Users\Alexandre\AppData\Local\arduino15\packages\arduino\hardware\sam\1.6.7\variants\arduino_due_x/libsam_sam3x8e_gcc_rel.a(adc.o)
                0x0008359e                adc_disable_interrupt
 *fill*         0x000835a2        0x2 
 .text.UDD_SetStack
                0x000835a4        0xc C:\Users\Alexandre\AppData\Local\arduino15\packages\arduino\hardware\sam\1.6.7\variants\arduino_due_x/libsam_sam3x8e_gcc_rel.a(uotghs_device.o)
                0x000835a4                UDD_SetStack
 .text.UDD_Init
                0x000835b0       0xd0 C:\Users\Alexandre\AppData\Local\arduino15\packages\arduino\hardware\sam\1.6.7\variants\arduino_due_x/libsam_sam3x8e_gcc_rel.a(uotghs_device.o)
                0x000835b0                UDD_Init
 .text.UDD_Attach
                0x00083680       0x50 C:\Users\Alexandre\AppData\Local\arduino15\packages\arduino\hardware\sam\1.6.7\variants\arduino_due_x/libsam_sam3x8e_gcc_rel.a(uotghs_device.o)
                0x00083680                UDD_Attach
 .text.UDD_InitEP
                0x000836d0       0x2c C:\Users\Alexandre\AppData\Local\arduino15\packages\arduino\hardware\sam\1.6.7\variants\arduino_due_x/libsam_sam3x8e_gcc_rel.a(uotghs_device.o)
                0x000836d0                UDD_InitEP
 .text.UDD_InitEndpoints
                0x000836fc       0x3c C:\Users\Alexandre\AppData\Local\arduino15\packages\arduino\hardware\sam\1.6.7\variants\arduino_due_x/libsam_sam3x8e_gcc_rel.a(uotghs_device.o)
                0x000836fc                UDD_InitEndpoints
 .text.UDD_WaitIN
                0x00083738       0x10 C:\Users\Alexandre\AppData\Local\arduino15\packages\arduino\hardware\sam\1.6.7\variants\arduino_due_x/libsam_sam3x8e_gcc_rel.a(uotghs_device.o)
                0x00083738                UDD_WaitIN
 .text.UDD_WaitOUT
                0x00083748       0x10 C:\Users\Alexandre\AppData\Local\arduino15\packages\arduino\hardware\sam\1.6.7\variants\arduino_due_x/libsam_sam3x8e_gcc_rel.a(uotghs_device.o)
                0x00083748                UDD_WaitOUT
 .text.UDD_ClearIN
                0x00083758       0x18 C:\Users\Alexandre\AppData\Local\arduino15\packages\arduino\hardware\sam\1.6.7\variants\arduino_due_x/libsam_sam3x8e_gcc_rel.a(uotghs_device.o)
                0x00083758                UDD_ClearIN
 .text.UDD_ClearOUT
                0x00083770       0x18 C:\Users\Alexandre\AppData\Local\arduino15\packages\arduino\hardware\sam\1.6.7\variants\arduino_due_x/libsam_sam3x8e_gcc_rel.a(uotghs_device.o)
                0x00083770                UDD_ClearOUT
 .text.UDD_ReceivedSetupInt
                0x00083788       0x10 C:\Users\Alexandre\AppData\Local\arduino15\packages\arduino\hardware\sam\1.6.7\variants\arduino_due_x/libsam_sam3x8e_gcc_rel.a(uotghs_device.o)
                0x00083788                UDD_ReceivedSetupInt
 .text.UDD_ClearSetupInt
                0x00083798       0x10 C:\Users\Alexandre\AppData\Local\arduino15\packages\arduino\hardware\sam\1.6.7\variants\arduino_due_x/libsam_sam3x8e_gcc_rel.a(uotghs_device.o)
                0x00083798                UDD_ClearSetupInt
 .text.UDD_Send
                0x000837a8       0x88 C:\Users\Alexandre\AppData\Local\arduino15\packages\arduino\hardware\sam\1.6.7\variants\arduino_due_x/libsam_sam3x8e_gcc_rel.a(uotghs_device.o)
                0x000837a8                UDD_Send
 .text.UDD_Send8
                0x00083830       0x24 C:\Users\Alexandre\AppData\Local\arduino15\packages\arduino\hardware\sam\1.6.7\variants\arduino_due_x/libsam_sam3x8e_gcc_rel.a(uotghs_device.o)
                0x00083830                UDD_Send8
 .text.UDD_Recv8
                0x00083854       0x28 C:\Users\Alexandre\AppData\Local\arduino15\packages\arduino\hardware\sam\1.6.7\variants\arduino_due_x/libsam_sam3x8e_gcc_rel.a(uotghs_device.o)
                0x00083854                UDD_Recv8
 .text.UDD_Recv
                0x0008387c       0x34 C:\Users\Alexandre\AppData\Local\arduino15\packages\arduino\hardware\sam\1.6.7\variants\arduino_due_x/libsam_sam3x8e_gcc_rel.a(uotghs_device.o)
                0x0008387c                UDD_Recv
 .text.UDD_Stall
                0x000838b0       0x14 C:\Users\Alexandre\AppData\Local\arduino15\packages\arduino\hardware\sam\1.6.7\variants\arduino_due_x/libsam_sam3x8e_gcc_rel.a(uotghs_device.o)
                0x000838b0                UDD_Stall
 .text.UDD_FifoByteCount
                0x000838c4       0x14 C:\Users\Alexandre\AppData\Local\arduino15\packages\arduino\hardware\sam\1.6.7\variants\arduino_due_x/libsam_sam3x8e_gcc_rel.a(uotghs_device.o)
                0x000838c4                UDD_FifoByteCount
 .text.UDD_ReleaseRX
                0x000838d8       0x28 C:\Users\Alexandre\AppData\Local\arduino15\packages\arduino\hardware\sam\1.6.7\variants\arduino_due_x/libsam_sam3x8e_gcc_rel.a(uotghs_device.o)
                0x000838d8                UDD_ReleaseRX
 .text.UDD_ReleaseTX
                0x00083900       0x28 C:\Users\Alexandre\AppData\Local\arduino15\packages\arduino\hardware\sam\1.6.7\variants\arduino_due_x/libsam_sam3x8e_gcc_rel.a(uotghs_device.o)
                0x00083900                UDD_ReleaseTX
 .text.UDD_SetAddress
                0x00083928       0x20 C:\Users\Alexandre\AppData\Local\arduino15\packages\arduino\hardware\sam\1.6.7\variants\arduino_due_x/libsam_sam3x8e_gcc_rel.a(uotghs_device.o)
                0x00083928                UDD_SetAddress
 .text.dacc_reset
                0x00083948        0x6 C:\Users\Alexandre\AppData\Local\arduino15\packages\arduino\hardware\sam\1.6.7\variants\arduino_due_x/libsam_sam3x8e_gcc_rel.a(dacc.o)
                0x00083948                dacc_reset
 .text.dacc_set_transfer_mode
                0x0008394e       0x14 C:\Users\Alexandre\AppData\Local\arduino15\packages\arduino\hardware\sam\1.6.7\variants\arduino_due_x/libsam_sam3x8e_gcc_rel.a(dacc.o)
                0x0008394e                dacc_set_transfer_mode
 .text.dacc_get_interrupt_status
                0x00083962        0x4 C:\Users\Alexandre\AppData\Local\arduino15\packages\arduino\hardware\sam\1.6.7\variants\arduino_due_x/libsam_sam3x8e_gcc_rel.a(dacc.o)
                0x00083962                dacc_get_interrupt_status
 .text.dacc_write_conversion_data
                0x00083966        0x4 C:\Users\Alexandre\AppData\Local\arduino15\packages\arduino\hardware\sam\1.6.7\variants\arduino_due_x/libsam_sam3x8e_gcc_rel.a(dacc.o)
                0x00083966                dacc_write_conversion_data
 .text.dacc_set_channel_selection
                0x0008396a       0x18 C:\Users\Alexandre\AppData\Local\arduino15\packages\arduino\hardware\sam\1.6.7\variants\arduino_due_x/libsam_sam3x8e_gcc_rel.a(dacc.o)
                0x0008396a                dacc_set_channel_selection
 .text.dacc_set_power_save
                0x00083982       0x24 C:\Users\Alexandre\AppData\Local\arduino15\packages\arduino\hardware\sam\1.6.7\variants\arduino_due_x/libsam_sam3x8e_gcc_rel.a(dacc.o)
                0x00083982                dacc_set_power_save
 .text.dacc_set_timing
                0x000839a6       0x2c C:\Users\Alexandre\AppData\Local\arduino15\packages\arduino\hardware\sam\1.6.7\variants\arduino_due_x/libsam_sam3x8e_gcc_rel.a(dacc.o)
                0x000839a6                dacc_set_timing
 .text.dacc_enable_channel
                0x000839d2       0x12 C:\Users\Alexandre\AppData\Local\arduino15\packages\arduino\hardware\sam\1.6.7\variants\arduino_due_x/libsam_sam3x8e_gcc_rel.a(dacc.o)
                0x000839d2                dacc_enable_channel
 .text.dacc_get_channel_status
                0x000839e4        0x4 C:\Users\Alexandre\AppData\Local\arduino15\packages\arduino\hardware\sam\1.6.7\variants\arduino_due_x/libsam_sam3x8e_gcc_rel.a(dacc.o)
                0x000839e4                dacc_get_channel_status
 .text.dacc_set_analog_control
                0x000839e8        0x8 C:\Users\Alexandre\AppData\Local\arduino15\packages\arduino\hardware\sam\1.6.7\variants\arduino_due_x/libsam_sam3x8e_gcc_rel.a(dacc.o)
                0x000839e8                dacc_set_analog_control
 .text.__fpclassifyd
                0x000839f0       0x50 c:/users/alexandre/appdata/local/arduino15/packages/arduino/tools/arm-none-eabi-gcc/4.8.3-2014q1/bin/../lib/gcc/arm-none-eabi/4.8.3/../../../../arm-none-eabi/lib/armv7-m\libm.a(lib_a-s_fpclassify.o)
                0x000839f0                __fpclassifyd
 .text.pow      0x00083a40      0x2f8 c:/users/alexandre/appdata/local/arduino15/packages/arduino/tools/arm-none-eabi-gcc/4.8.3-2014q1/bin/../lib/gcc/arm-none-eabi/4.8.3/../../../../arm-none-eabi/lib/armv7-m\libm.a(lib_a-w_pow.o)
                0x00083a40                pow
 .text.__ieee754_pow
                0x00083d38      0xab8 c:/users/alexandre/appdata/local/arduino15/packages/arduino/tools/arm-none-eabi-gcc/4.8.3-2014q1/bin/../lib/gcc/arm-none-eabi/4.8.3/../../../../arm-none-eabi/lib/armv7-m\libm.a(lib_a-e_pow.o)
                0x00083d38                __ieee754_pow
 .text.__ieee754_sqrt
                0x000847f0      0x180 c:/users/alexandre/appdata/local/arduino15/packages/arduino/tools/arm-none-eabi-gcc/4.8.3-2014q1/bin/../lib/gcc/arm-none-eabi/4.8.3/../../../../arm-none-eabi/lib/armv7-m\libm.a(lib_a-e_sqrt.o)
                0x000847f0                __ieee754_sqrt
 .text.fabs     0x00084970        0x8 c:/users/alexandre/appdata/local/arduino15/packages/arduino/tools/arm-none-eabi-gcc/4.8.3-2014q1/bin/../lib/gcc/arm-none-eabi/4.8.3/../../../../arm-none-eabi/lib/armv7-m\libm.a(lib_a-s_fabs.o)
                0x00084970                fabs
 .text.finite   0x00084978        0xc c:/users/alexandre/appdata/local/arduino15/packages/arduino/tools/arm-none-eabi-gcc/4.8.3-2014q1/bin/../lib/gcc/arm-none-eabi/4.8.3/../../../../arm-none-eabi/lib/armv7-m\libm.a(lib_a-s_finite.o)
                0x00084978                finite
 .text.matherr  0x00084984        0x4 c:/users/alexandre/appdata/local/arduino15/packages/arduino/tools/arm-none-eabi-gcc/4.8.3-2014q1/bin/../lib/gcc/arm-none-eabi/4.8.3/../../../../arm-none-eabi/lib/armv7-m\libm.a(lib_a-s_matherr.o)
                0x00084984                matherr
 .text.nan      0x00084988        0xc c:/users/alexandre/appdata/local/arduino15/packages/arduino/tools/arm-none-eabi-gcc/4.8.3-2014q1/bin/../lib/gcc/arm-none-eabi/4.8.3/../../../../arm-none-eabi/lib/armv7-m\libm.a(lib_a-s_nan.o)
                0x00084988                nan
 .text.rint     0x00084994      0x118 c:/users/alexandre/appdata/local/arduino15/packages/arduino/tools/arm-none-eabi-gcc/4.8.3-2014q1/bin/../lib/gcc/arm-none-eabi/4.8.3/../../../../arm-none-eabi/lib/armv7-m\libm.a(lib_a-s_rint.o)
                0x00084994                rint
 *fill*         0x00084aac        0x4 
 .text.scalbn   0x00084ab0      0x100 c:/users/alexandre/appdata/local/arduino15/packages/arduino/tools/arm-none-eabi-gcc/4.8.3-2014q1/bin/../lib/gcc/arm-none-eabi/4.8.3/../../../../arm-none-eabi/lib/armv7-m\libm.a(lib_a-s_scalbn.o)
                0x00084ab0                scalbn
 .text.copysign
                0x00084bb0       0x14 c:/users/alexandre/appdata/local/arduino15/packages/arduino/tools/arm-none-eabi-gcc/4.8.3-2014q1/bin/../lib/gcc/arm-none-eabi/4.8.3/../../../../arm-none-eabi/lib/armv7-m\libm.a(lib_a-s_copysign.o)
                0x00084bb0                copysign
 .text          0x00084bc4      0x370 c:/users/alexandre/appdata/local/arduino15/packages/arduino/tools/arm-none-eabi-gcc/4.8.3-2014q1/bin/../lib/gcc/arm-none-eabi/4.8.3/armv7-m\libgcc.a(_arm_addsubdf3.o)
                0x00084bc4                __aeabi_drsub
                0x00084bcc                __aeabi_dsub
                0x00084bcc                __subdf3
                0x00084bd0                __aeabi_dadd
                0x00084bd0                __adddf3
                0x00084e48                __floatunsidf
                0x00084e48                __aeabi_ui2d
                0x00084e68                __floatsidf
                0x00084e68                __aeabi_i2d
                0x00084e8c                __aeabi_f2d
                0x00084e8c                __extendsfdf2
                0x00084ec8                __floatundidf
                0x00084ec8                __aeabi_ul2d
                0x00084ed8                __floatdidf
                0x00084ed8                __aeabi_l2d
 .text          0x00084f34      0x424 c:/users/alexandre/appdata/local/arduino15/packages/arduino/tools/arm-none-eabi-gcc/4.8.3-2014q1/bin/../lib/gcc/arm-none-eabi/4.8.3/armv7-m\libgcc.a(_arm_muldivdf3.o)
                0x00084f34                __aeabi_dmul
                0x00084f34                __muldf3
                0x00085188                __divdf3
                0x00085188                __aeabi_ddiv
 .text          0x00085358      0x110 c:/users/alexandre/appdata/local/arduino15/packages/arduino/tools/arm-none-eabi-gcc/4.8.3-2014q1/bin/../lib/gcc/arm-none-eabi/4.8.3/armv7-m\libgcc.a(_arm_cmpdf2.o)
                0x00085358                __gtdf2
                0x00085358                __gedf2
                0x00085360                __ltdf2
                0x00085360                __ledf2
                0x00085368                __nedf2
                0x00085368                __eqdf2
                0x00085368                __cmpdf2
                0x000853e4                __aeabi_cdrcmple
                0x000853f4                __aeabi_cdcmpeq
                0x000853f4                __aeabi_cdcmple
                0x00085404                __aeabi_dcmpeq
                0x00085418                __aeabi_dcmplt
                0x0008542c                __aeabi_dcmple
                0x00085440                __aeabi_dcmpge
                0x00085454                __aeabi_dcmpgt
 .text          0x00085468       0x50 c:/users/alexandre/appdata/local/arduino15/packages/arduino/tools/arm-none-eabi-gcc/4.8.3-2014q1/bin/../lib/gcc/arm-none-eabi/4.8.3/armv7-m\libgcc.a(_arm_fixdfsi.o)
                0x00085468                __aeabi_d2iz
                0x00085468                __fixdfsi
 .text          0x000854b8       0x40 c:/users/alexandre/appdata/local/arduino15/packages/arduino/tools/arm-none-eabi-gcc/4.8.3-2014q1/bin/../lib/gcc/arm-none-eabi/4.8.3/armv7-m\libgcc.a(_arm_fixunsdfsi.o)
                0x000854b8                __aeabi_d2uiz
                0x000854b8                __fixunsdfsi
 .text          0x000854f8       0xa0 c:/users/alexandre/appdata/local/arduino15/packages/arduino/tools/arm-none-eabi-gcc/4.8.3-2014q1/bin/../lib/gcc/arm-none-eabi/4.8.3/armv7-m\libgcc.a(_arm_truncdfsf2.o)
                0x000854f8                __truncdfsf2
                0x000854f8                __aeabi_d2f
 .text          0x00085598      0x21c c:/users/alexandre/appdata/local/arduino15/packages/arduino/tools/arm-none-eabi-gcc/4.8.3-2014q1/bin/../lib/gcc/arm-none-eabi/4.8.3/armv7-m\libgcc.a(_arm_addsubsf3.o)
                0x00085598                __aeabi_frsub
                0x000855a0                __subsf3
                0x000855a0                __aeabi_fsub
                0x000855a4                __aeabi_fadd
                0x000855a4                __addsf3
                0x00085704                __aeabi_ui2f
                0x00085704                __floatunsisf
                0x0008570c                __aeabi_i2f
                0x0008570c                __floatsisf
                0x00085728                __aeabi_ul2f
                0x00085728                __floatundisf
                0x00085738                __aeabi_l2f
                0x00085738                __floatdisf
 .text          0x000857b4      0x2a0 c:/users/alexandre/appdata/local/arduino15/packages/arduino/tools/arm-none-eabi-gcc/4.8.3-2014q1/bin/../lib/gcc/arm-none-eabi/4.8.3/armv7-m\libgcc.a(_arm_muldivsf3.o)
                0x000857b4                __mulsf3
                0x000857b4                __aeabi_fmul
                0x0008591c                __aeabi_fdiv
                0x0008591c                __divsf3
 .text          0x00085a54       0xec c:/users/alexandre/appdata/local/arduino15/packages/arduino/tools/arm-none-eabi-gcc/4.8.3-2014q1/bin/../lib/gcc/arm-none-eabi/4.8.3/armv7-m\libgcc.a(_arm_cmpsf2.o)
                0x00085a54                __gesf2
                0x00085a54                __gtsf2
                0x00085a5c                __lesf2
                0x00085a5c                __ltsf2
                0x00085a64                __nesf2
                0x00085a64                __eqsf2
                0x00085a64                __cmpsf2
                0x00085ac4                __aeabi_cfrcmple
                0x00085acc                __aeabi_cfcmpeq
                0x00085acc                __aeabi_cfcmple
                0x00085adc                __aeabi_fcmpeq
                0x00085af0                __aeabi_fcmplt
                0x00085b04                __aeabi_fcmple
                0x00085b18                __aeabi_fcmpge
                0x00085b2c                __aeabi_fcmpgt
 .text.__assert_func
                0x00085b40       0x3c c:/users/alexandre/appdata/local/arduino15/packages/arduino/tools/arm-none-eabi-gcc/4.8.3-2014q1/bin/../lib/gcc/arm-none-eabi/4.8.3/../../../../arm-none-eabi/lib/armv7-m\libg.a(lib_a-assert.o)
                0x00085b40                __assert_func
 .text.__errno  0x00085b7c        0xc c:/users/alexandre/appdata/local/arduino15/packages/arduino/tools/arm-none-eabi-gcc/4.8.3-2014q1/bin/../lib/gcc/arm-none-eabi/4.8.3/../../../../arm-none-eabi/lib/armv7-m\libg.a(lib_a-errno.o)
                0x00085b7c                __errno
 .text.fiprintf
                0x00085b88       0x28 c:/users/alexandre/appdata/local/arduino15/packages/arduino/tools/arm-none-eabi-gcc/4.8.3-2014q1/bin/../lib/gcc/arm-none-eabi/4.8.3/../../../../arm-none-eabi/lib/armv7-m\libg.a(lib_a-fiprintf.o)
                0x00085b88                fiprintf
 .text.__libc_init_array
                0x00085bb0       0x50 c:/users/alexandre/appdata/local/arduino15/packages/arduino/tools/arm-none-eabi-gcc/4.8.3-2014q1/bin/../lib/gcc/arm-none-eabi/4.8.3/../../../../arm-none-eabi/lib/armv7-m\libg.a(lib_a-init.o)
                0x00085bb0                __libc_init_array
 .text.iprintf  0x00085c00       0x28 c:/users/alexandre/appdata/local/arduino15/packages/arduino/tools/arm-none-eabi-gcc/4.8.3-2014q1/bin/../lib/gcc/arm-none-eabi/4.8.3/../../../../arm-none-eabi/lib/armv7-m\libg.a(lib_a-iprintf.o)
                0x00085c00                iprintf
 .text.malloc   0x00085c28       0x10 c:/users/alexandre/appdata/local/arduino15/packages/arduino/tools/arm-none-eabi-gcc/4.8.3-2014q1/bin/../lib/gcc/arm-none-eabi/4.8.3/../../../../arm-none-eabi/lib/armv7-m\libg.a(lib_a-malloc.o)
                0x00085c28                malloc
 .text._malloc_r
                0x00085c38      0x538 c:/users/alexandre/appdata/local/arduino15/packages/arduino/tools/arm-none-eabi-gcc/4.8.3-2014q1/bin/../lib/gcc/arm-none-eabi/4.8.3/../../../../arm-none-eabi/lib/armv7-m\libg.a(lib_a-mallocr.o)
                0x00085c38                _malloc_r
 .text.memset   0x00086170       0x94 c:/users/alexandre/appdata/local/arduino15/packages/arduino/tools/arm-none-eabi-gcc/4.8.3-2014q1/bin/../lib/gcc/arm-none-eabi/4.8.3/../../../../arm-none-eabi/lib/armv7-m\libg.a(lib_a-memset.o)
                0x00086170                memset
 .text.__malloc_lock
                0x00086204        0x4 c:/users/alexandre/appdata/local/arduino15/packages/arduino/tools/arm-none-eabi-gcc/4.8.3-2014q1/bin/../lib/gcc/arm-none-eabi/4.8.3/../../../../arm-none-eabi/lib/armv7-m\libg.a(lib_a-mlock.o)
                0x00086204                __malloc_lock
 .text.__malloc_unlock
                0x00086208        0x4 c:/users/alexandre/appdata/local/arduino15/packages/arduino/tools/arm-none-eabi-gcc/4.8.3-2014q1/bin/../lib/gcc/arm-none-eabi/4.8.3/../../../../arm-none-eabi/lib/armv7-m\libg.a(lib_a-mlock.o)
                0x00086208                __malloc_unlock
 .text._sbrk_r  0x0008620c       0x24 c:/users/alexandre/appdata/local/arduino15/packages/arduino/tools/arm-none-eabi-gcc/4.8.3-2014q1/bin/../lib/gcc/arm-none-eabi/4.8.3/../../../../arm-none-eabi/lib/armv7-m\libg.a(lib_a-sbrkr.o)
                0x0008620c                _sbrk_r
 .text.strlen   0x00086230       0x60 c:/users/alexandre/appdata/local/arduino15/packages/arduino/tools/arm-none-eabi-gcc/4.8.3-2014q1/bin/../lib/gcc/arm-none-eabi/4.8.3/../../../../arm-none-eabi/lib/armv7-m\libg.a(lib_a-strlen.o)
                0x00086230                strlen
 .text.__sprint_r.part.0
                0x00086290       0x78 c:/users/alexandre/appdata/local/arduino15/packages/arduino/tools/arm-none-eabi-gcc/4.8.3-2014q1/bin/../lib/gcc/arm-none-eabi/4.8.3/../../../../arm-none-eabi/lib/armv7-m\libg.a(lib_a-vfiprintf.o)
 .text._vfiprintf_r
                0x00086308      0xc54 c:/users/alexandre/appdata/local/arduino15/packages/arduino/tools/arm-none-eabi-gcc/4.8.3-2014q1/bin/../lib/gcc/arm-none-eabi/4.8.3/../../../../arm-none-eabi/lib/armv7-m\libg.a(lib_a-vfiprintf.o)
                0x00086308                _vfiprintf_r
 .text.__sbprintf
                0x00086f5c       0x7c c:/users/alexandre/appdata/local/arduino15/packages/arduino/tools/arm-none-eabi-gcc/4.8.3-2014q1/bin/../lib/gcc/arm-none-eabi/4.8.3/../../../../arm-none-eabi/lib/armv7-m\libg.a(lib_a-vfiprintf.o)
 .text.__swsetup_r
                0x00086fd8       0xc4 c:/users/alexandre/appdata/local/arduino15/packages/arduino/tools/arm-none-eabi-gcc/4.8.3-2014q1/bin/../lib/gcc/arm-none-eabi/4.8.3/../../../../arm-none-eabi/lib/armv7-m\libg.a(lib_a-wsetup.o)
                0x00086fd8                __swsetup_r
 .text.startup.register_fini
                0x0008709c       0x14 c:/users/alexandre/appdata/local/arduino15/packages/arduino/tools/arm-none-eabi-gcc/4.8.3-2014q1/bin/../lib/gcc/arm-none-eabi/4.8.3/../../../../arm-none-eabi/lib/armv7-m\libg.a(lib_a-__call_atexit.o)
 .text.abort    0x000870b0       0x10 c:/users/alexandre/appdata/local/arduino15/packages/arduino/tools/arm-none-eabi-gcc/4.8.3-2014q1/bin/../lib/gcc/arm-none-eabi/4.8.3/../../../../arm-none-eabi/lib/armv7-m\libg.a(lib_a-abort.o)
                0x000870b0                abort
 .text.atexit   0x000870c0        0xc c:/users/alexandre/appdata/local/arduino15/packages/arduino/tools/arm-none-eabi-gcc/4.8.3-2014q1/bin/../lib/gcc/arm-none-eabi/4.8.3/../../../../arm-none-eabi/lib/armv7-m\libg.a(lib_a-atexit.o)
                0x000870c0                atexit
 .text.__sflush_r
                0x000870cc      0x148 c:/users/alexandre/appdata/local/arduino15/packages/arduino/tools/arm-none-eabi-gcc/4.8.3-2014q1/bin/../lib/gcc/arm-none-eabi/4.8.3/../../../../arm-none-eabi/lib/armv7-m\libg.a(lib_a-fflush.o)
                0x000870cc                __sflush_r
 .text._fflush_r
                0x00087214       0x2c c:/users/alexandre/appdata/local/arduino15/packages/arduino/tools/arm-none-eabi-gcc/4.8.3-2014q1/bin/../lib/gcc/arm-none-eabi/4.8.3/../../../../arm-none-eabi/lib/armv7-m\libg.a(lib_a-fflush.o)
                0x00087214                _fflush_r
 .text._cleanup_r
                0x00087240        0xc c:/users/alexandre/appdata/local/arduino15/packages/arduino/tools/arm-none-eabi-gcc/4.8.3-2014q1/bin/../lib/gcc/arm-none-eabi/4.8.3/../../../../arm-none-eabi/lib/armv7-m\libg.a(lib_a-findfp.o)
                0x00087240                _cleanup_r
 .text.__sinit  0x0008724c       0xf4 c:/users/alexandre/appdata/local/arduino15/packages/arduino/tools/arm-none-eabi-gcc/4.8.3-2014q1/bin/../lib/gcc/arm-none-eabi/4.8.3/../../../../arm-none-eabi/lib/armv7-m\libg.a(lib_a-findfp.o)
                0x0008724c                __sinit
 .text.__sfp_lock_acquire
                0x00087340        0x4 c:/users/alexandre/appdata/local/arduino15/packages/arduino/tools/arm-none-eabi-gcc/4.8.3-2014q1/bin/../lib/gcc/arm-none-eabi/4.8.3/../../../../arm-none-eabi/lib/armv7-m\libg.a(lib_a-findfp.o)
                0x00087340                __sfp_lock_acquire
 .text.__sfp_lock_release
                0x00087344        0x4 c:/users/alexandre/appdata/local/arduino15/packages/arduino/tools/arm-none-eabi-gcc/4.8.3-2014q1/bin/../lib/gcc/arm-none-eabi/4.8.3/../../../../arm-none-eabi/lib/armv7-m\libg.a(lib_a-findfp.o)
                0x00087344                __sfp_lock_release
 .text.__libc_fini_array
                0x00087348       0x30 c:/users/alexandre/appdata/local/arduino15/packages/arduino/tools/arm-none-eabi-gcc/4.8.3-2014q1/bin/../lib/gcc/arm-none-eabi/4.8.3/../../../../arm-none-eabi/lib/armv7-m\libg.a(lib_a-fini.o)
                0x00087348                __libc_fini_array
 .text._fputwc_r
                0x00087378       0xc0 c:/users/alexandre/appdata/local/arduino15/packages/arduino/tools/arm-none-eabi-gcc/4.8.3-2014q1/bin/../lib/gcc/arm-none-eabi/4.8.3/../../../../arm-none-eabi/lib/armv7-m\libg.a(lib_a-fputwc.o)
                0x00087378                _fputwc_r
 .text._malloc_trim_r
                0x00087438       0x9c c:/users/alexandre/appdata/local/arduino15/packages/arduino/tools/arm-none-eabi-gcc/4.8.3-2014q1/bin/../lib/gcc/arm-none-eabi/4.8.3/../../../../arm-none-eabi/lib/armv7-m\libg.a(lib_a-freer.o)
                0x00087438                _malloc_trim_r
 .text._free_r  0x000874d4      0x198 c:/users/alexandre/appdata/local/arduino15/packages/arduino/tools/arm-none-eabi-gcc/4.8.3-2014q1/bin/../lib/gcc/arm-none-eabi/4.8.3/../../../../arm-none-eabi/lib/armv7-m\libg.a(lib_a-freer.o)
                0x000874d4                _free_r
 .text.__sfvwrite_r
                0x0008766c      0x314 c:/users/alexandre/appdata/local/arduino15/packages/arduino/tools/arm-none-eabi-gcc/4.8.3-2014q1/bin/../lib/gcc/arm-none-eabi/4.8.3/../../../../arm-none-eabi/lib/armv7-m\libg.a(lib_a-fvwrite.o)
                0x0008766c                __sfvwrite_r
 .text._fwalk   0x00087980       0x48 c:/users/alexandre/appdata/local/arduino15/packages/arduino/tools/arm-none-eabi-gcc/4.8.3-2014q1/bin/../lib/gcc/arm-none-eabi/4.8.3/../../../../arm-none-eabi/lib/armv7-m\libg.a(lib_a-fwalk.o)
                0x00087980                _fwalk
 .text.__locale_charset
                0x000879c8        0x8 c:/users/alexandre/appdata/local/arduino15/packages/arduino/tools/arm-none-eabi-gcc/4.8.3-2014q1/bin/../lib/gcc/arm-none-eabi/4.8.3/../../../../arm-none-eabi/lib/armv7-m\libg.a(lib_a-locale.o)
                0x000879c8                __locale_charset
 .text.__locale_mb_cur_max
                0x000879d0        0xc c:/users/alexandre/appdata/local/arduino15/packages/arduino/tools/arm-none-eabi-gcc/4.8.3-2014q1/bin/../lib/gcc/arm-none-eabi/4.8.3/../../../../arm-none-eabi/lib/armv7-m\libg.a(lib_a-locale.o)
                0x000879d0                __locale_mb_cur_max
 .text.__smakebuf_r
                0x000879dc       0xe0 c:/users/alexandre/appdata/local/arduino15/packages/arduino/tools/arm-none-eabi-gcc/4.8.3-2014q1/bin/../lib/gcc/arm-none-eabi/4.8.3/../../../../arm-none-eabi/lib/armv7-m\libg.a(lib_a-makebuf.o)
                0x000879dc                __smakebuf_r
 .text.memchr   0x00087abc       0x94 c:/users/alexandre/appdata/local/arduino15/packages/arduino/tools/arm-none-eabi-gcc/4.8.3-2014q1/bin/../lib/gcc/arm-none-eabi/4.8.3/../../../../arm-none-eabi/lib/armv7-m\libg.a(lib_a-memchr-stub.o)
                0x00087abc                memchr
 .text          0x00087b50       0xec c:/users/alexandre/appdata/local/arduino15/packages/arduino/tools/arm-none-eabi-gcc/4.8.3-2014q1/bin/../lib/gcc/arm-none-eabi/4.8.3/../../../../arm-none-eabi/lib/armv7-m\libg.a(lib_a-memcpy.o)
                0x00087b50                memcpy
 .text.memmove  0x00087c3c       0xcc c:/users/alexandre/appdata/local/arduino15/packages/arduino/tools/arm-none-eabi-gcc/4.8.3-2014q1/bin/../lib/gcc/arm-none-eabi/4.8.3/../../../../arm-none-eabi/lib/armv7-m\libg.a(lib_a-memmove.o)
                0x00087c3c                memmove
 .text._realloc_r
                0x00087d08      0x3c0 c:/users/alexandre/appdata/local/arduino15/packages/arduino/tools/arm-none-eabi-gcc/4.8.3-2014q1/bin/../lib/gcc/arm-none-eabi/4.8.3/../../../../arm-none-eabi/lib/armv7-m\libg.a(lib_a-reallocr.o)
                0x00087d08                _realloc_r
 .text._raise_r
                0x000880c8       0x58 c:/users/alexandre/appdata/local/arduino15/packages/arduino/tools/arm-none-eabi-gcc/4.8.3-2014q1/bin/../lib/gcc/arm-none-eabi/4.8.3/../../../../arm-none-eabi/lib/armv7-m\libg.a(lib_a-signal.o)
                0x000880c8                _raise_r
 .text.raise    0x00088120       0x10 c:/users/alexandre/appdata/local/arduino15/packages/arduino/tools/arm-none-eabi-gcc/4.8.3-2014q1/bin/../lib/gcc/arm-none-eabi/4.8.3/../../../../arm-none-eabi/lib/armv7-m\libg.a(lib_a-signal.o)
                0x00088120                raise
 .text._kill_r  0x00088130       0x28 c:/users/alexandre/appdata/local/arduino15/packages/arduino/tools/arm-none-eabi-gcc/4.8.3-2014q1/bin/../lib/gcc/arm-none-eabi/4.8.3/../../../../arm-none-eabi/lib/armv7-m\libg.a(lib_a-signalr.o)
                0x00088130                _kill_r
 .text._getpid_r
                0x00088158        0x4 c:/users/alexandre/appdata/local/arduino15/packages/arduino/tools/arm-none-eabi-gcc/4.8.3-2014q1/bin/../lib/gcc/arm-none-eabi/4.8.3/../../../../arm-none-eabi/lib/armv7-m\libg.a(lib_a-signalr.o)
                0x00088158                _getpid_r
 .text.__sread  0x0008815c       0x24 c:/users/alexandre/appdata/local/arduino15/packages/arduino/tools/arm-none-eabi-gcc/4.8.3-2014q1/bin/../lib/gcc/arm-none-eabi/4.8.3/../../../../arm-none-eabi/lib/armv7-m\libg.a(lib_a-stdio.o)
                0x0008815c                __sread
 .text.__swrite
                0x00088180       0x38 c:/users/alexandre/appdata/local/arduino15/packages/arduino/tools/arm-none-eabi-gcc/4.8.3-2014q1/bin/../lib/gcc/arm-none-eabi/4.8.3/../../../../arm-none-eabi/lib/armv7-m\libg.a(lib_a-stdio.o)
                0x00088180                __swrite
 .text.__sseek  0x000881b8       0x20 c:/users/alexandre/appdata/local/arduino15/packages/arduino/tools/arm-none-eabi-gcc/4.8.3-2014q1/bin/../lib/gcc/arm-none-eabi/4.8.3/../../../../arm-none-eabi/lib/armv7-m\libg.a(lib_a-stdio.o)
                0x000881b8                __sseek
 .text.__sclose
                0x000881d8        0x8 c:/users/alexandre/appdata/local/arduino15/packages/arduino/tools/arm-none-eabi-gcc/4.8.3-2014q1/bin/../lib/gcc/arm-none-eabi/4.8.3/../../../../arm-none-eabi/lib/armv7-m\libg.a(lib_a-stdio.o)
                0x000881d8                __sclose
 .text.__swbuf_r
                0x000881e0       0xa8 c:/users/alexandre/appdata/local/arduino15/packages/arduino/tools/arm-none-eabi-gcc/4.8.3-2014q1/bin/../lib/gcc/arm-none-eabi/4.8.3/../../../../arm-none-eabi/lib/armv7-m\libg.a(lib_a-wbuf.o)
                0x000881e0                __swbuf_r
 .text._wcrtomb_r
                0x00088288       0x50 c:/users/alexandre/appdata/local/arduino15/packages/arduino/tools/arm-none-eabi-gcc/4.8.3-2014q1/bin/../lib/gcc/arm-none-eabi/4.8.3/../../../../arm-none-eabi/lib/armv7-m\libg.a(lib_a-wcrtomb.o)
                0x00088288                _wcrtomb_r
 .text.__ascii_wctomb
                0x000882d8       0x1c c:/users/alexandre/appdata/local/arduino15/packages/arduino/tools/arm-none-eabi-gcc/4.8.3-2014q1/bin/../lib/gcc/arm-none-eabi/4.8.3/../../../../arm-none-eabi/lib/armv7-m\libg.a(lib_a-wctomb_r.o)
                0x000882d8                __ascii_wctomb
 .text._write_r
                0x000882f4       0x28 c:/users/alexandre/appdata/local/arduino15/packages/arduino/tools/arm-none-eabi-gcc/4.8.3-2014q1/bin/../lib/gcc/arm-none-eabi/4.8.3/../../../../arm-none-eabi/lib/armv7-m\libg.a(lib_a-writer.o)
                0x000882f4                _write_r
 .text.__register_exitproc
                0x0008831c       0xa8 c:/users/alexandre/appdata/local/arduino15/packages/arduino/tools/arm-none-eabi-gcc/4.8.3-2014q1/bin/../lib/gcc/arm-none-eabi/4.8.3/../../../../arm-none-eabi/lib/armv7-m\libg.a(lib_a-__atexit.o)
                0x0008831c                __register_exitproc
 .text._close_r
                0x000883c4       0x24 c:/users/alexandre/appdata/local/arduino15/packages/arduino/tools/arm-none-eabi-gcc/4.8.3-2014q1/bin/../lib/gcc/arm-none-eabi/4.8.3/../../../../arm-none-eabi/lib/armv7-m\libg.a(lib_a-closer.o)
                0x000883c4                _close_r
 .text._fclose_r
                0x000883e8       0x80 c:/users/alexandre/appdata/local/arduino15/packages/arduino/tools/arm-none-eabi-gcc/4.8.3-2014q1/bin/../lib/gcc/arm-none-eabi/4.8.3/../../../../arm-none-eabi/lib/armv7-m\libg.a(lib_a-fclose.o)
                0x000883e8                _fclose_r
 .text.fclose   0x00088468       0x10 c:/users/alexandre/appdata/local/arduino15/packages/arduino/tools/arm-none-eabi-gcc/4.8.3-2014q1/bin/../lib/gcc/arm-none-eabi/4.8.3/../../../../arm-none-eabi/lib/armv7-m\libg.a(lib_a-fclose.o)
                0x00088468                fclose
 .text._fstat_r
                0x00088478       0x28 c:/users/alexandre/appdata/local/arduino15/packages/arduino/tools/arm-none-eabi-gcc/4.8.3-2014q1/bin/../lib/gcc/arm-none-eabi/4.8.3/../../../../arm-none-eabi/lib/armv7-m\libg.a(lib_a-fstatr.o)
                0x00088478                _fstat_r
 .text._isatty_r
                0x000884a0       0x24 c:/users/alexandre/appdata/local/arduino15/packages/arduino/tools/arm-none-eabi-gcc/4.8.3-2014q1/bin/../lib/gcc/arm-none-eabi/4.8.3/../../../../arm-none-eabi/lib/armv7-m\libg.a(lib_a-isattyr.o)
                0x000884a0                _isatty_r
 .text._lseek_r
                0x000884c4       0x28 c:/users/alexandre/appdata/local/arduino15/packages/arduino/tools/arm-none-eabi-gcc/4.8.3-2014q1/bin/../lib/gcc/arm-none-eabi/4.8.3/../../../../arm-none-eabi/lib/armv7-m\libg.a(lib_a-lseekr.o)
                0x000884c4                _lseek_r
 .text._read_r  0x000884ec       0x28 c:/users/alexandre/appdata/local/arduino15/packages/arduino/tools/arm-none-eabi-gcc/4.8.3-2014q1/bin/../lib/gcc/arm-none-eabi/4.8.3/../../../../arm-none-eabi/lib/armv7-m\libg.a(lib_a-readr.o)
                0x000884ec                _read_r
 .text          0x00088514       0x2c c:/users/alexandre/appdata/local/arduino15/packages/arduino/tools/arm-none-eabi-gcc/4.8.3-2014q1/bin/../lib/gcc/arm-none-eabi/4.8.3/armv7-m\libgcc.a(_aeabi_uldivmod.o)
                0x00088514                __aeabi_uldivmod
 .text          0x00088540       0x60 c:/users/alexandre/appdata/local/arduino15/packages/arduino/tools/arm-none-eabi-gcc/4.8.3-2014q1/bin/../lib/gcc/arm-none-eabi/4.8.3/armv7-m\libgcc.a(bpabi.o)
                0x00088540                __gnu_ldivmod_helper
                0x00088570                __gnu_uldivmod_helper
 .text          0x000885a0        0x4 c:/users/alexandre/appdata/local/arduino15/packages/arduino/tools/arm-none-eabi-gcc/4.8.3-2014q1/bin/../lib/gcc/arm-none-eabi/4.8.3/armv7-m\libgcc.a(_dvmd_tls.o)
                0x000885a0                __aeabi_idiv0
                0x000885a0                __aeabi_ldiv0
 .text          0x000885a4      0x2a0 c:/users/alexandre/appdata/local/arduino15/packages/arduino/tools/arm-none-eabi-gcc/4.8.3-2014q1/bin/../lib/gcc/arm-none-eabi/4.8.3/armv7-m\libgcc.a(_divdi3.o)
                0x000885a4                __divdi3
 .text          0x00088844      0x290 c:/users/alexandre/appdata/local/arduino15/packages/arduino/tools/arm-none-eabi-gcc/4.8.3-2014q1/bin/../lib/gcc/arm-none-eabi/4.8.3/armv7-m\libgcc.a(_udivdi3.o)
                0x00088844                __udivdi3
 *(.glue_7t)
 .glue_7t       0x00000000        0x0 linker stubs
 *(.glue_7)
 .glue_7        0x00000000        0x0 linker stubs
 *(.rodata .rodata* .gnu.linkonce.r.*)
 .rodata.str1.1
                0x00088ad4       0x19 C:\Users\Alexandre\AppData\Local\Temp\VMicroBuilds\FinalRobotAMC\arduino_due_x_dbg/core/syscalls_sam3.c.o
 .rodata.str1.1
                0x00088aed        0xb C:\Users\Alexandre\AppData\Local\Temp\VMicroBuilds\FinalRobotAMC\arduino_due_x_dbg\FinalRobotAMC.cpp.o
 .rodata._ZTV7TwoWire
                0x00088af8       0x20 C:\Users\Alexandre\AppData\Local\Temp\VMicroBuilds\FinalRobotAMC\arduino_due_x_dbg\Wire\Wire.cpp.o
                0x00088af8                vtable for TwoWire
 .rodata._ZTV6Thread